Archive member included to satisfy reference by file (symbol)

/home/flex/Qualcomm/Hexagon_SDK/3.4.3/libs/common/rpcmem/android_Debug_aarch64/ship/rpcmem.a(rpcmem_android.o)
                              android_Debug_aarch64/dsp_test.o (rpcmem_init)

Discarded input sections

 .note.GNU-stack
                0x0000000000000000        0x0 /home/flex/Qualcomm/Hexagon_SDK/3.4.3/tools/android-ndk-r14b/platforms/android-21/arch-arm64/usr/lib/crtbegin_dynamic.o
 .note.GNU-stack
                0x0000000000000000        0x0 /home/flex/Qualcomm/Hexagon_SDK/3.4.3/tools/android-ndk-r14b/platforms/android-21/arch-arm64/usr/lib/crtbegin_dynamic.o
 .note.GNU-stack
                0x0000000000000000        0x0 /home/flex/Qualcomm/Hexagon_SDK/3.4.3/tools/android-ndk-r14b/platforms/android-21/arch-arm64/usr/lib/crtend_android.o
 .note.GNU-stack
                0x0000000000000000        0x0 /home/flex/Qualcomm/Hexagon_SDK/3.4.3/tools/android-ndk-r14b/platforms/android-21/arch-arm64/usr/lib/crtend_android.o
 .note.GNU-stack
                0x0000000000000000        0x0 android_Debug_aarch64/dsp_main.o
 .note.GNU-stack
                0x0000000000000000        0x0 android_Debug_aarch64/dsp_test.o
 .note.GNU-stack
                0x0000000000000000        0x0 android_Debug_aarch64/dsp_stub.o
 .note.GNU-stack
                0x0000000000000000        0x0 /home/flex/Qualcomm/Hexagon_SDK/3.4.3/libs/common/rpcmem/android_Debug_aarch64/ship/rpcmem.a(rpcmem_android.o)

Memory Configuration

Name             Origin             Length             Attributes
*default*        0x0000000000000000 0xffffffffffffffff

Linker script and memory map

LOAD /home/flex/Qualcomm/Hexagon_SDK/3.4.3/tools/android-ndk-r14b/platforms/android-21/arch-arm64/usr/lib/crtbegin_dynamic.o
LOAD /home/flex/Qualcomm/Hexagon_SDK/3.4.3/tools/android-ndk-r14b/platforms/android-21/arch-arm64/usr/lib/crtend_android.o
LOAD /home/flex/Qualcomm/Hexagon_SDK/3.4.3/tools/android-ndk-r14b/platforms/android-21/arch-arm64/usr/lib/liblog.so
LOAD /home/flex/Qualcomm/Hexagon_SDK/3.4.3/tools/android-ndk-r14b/platforms/android-21/arch-arm64/usr/lib/libdl.so
START GROUP
LOAD android_Debug_aarch64/dsp_main.o
LOAD android_Debug_aarch64/dsp_test.o
LOAD android_Debug_aarch64/dsp_stub.o
LOAD /home/flex/Qualcomm/Hexagon_SDK/3.4.3/libs/common/rpcmem/android_Debug_aarch64/ship/rpcmem.a
LOAD /home/flex/Qualcomm/Hexagon_SDK/3.4.3/tools/android-ndk-r14b/platforms/android-21/arch-arm64/usr/lib/libstdc++.a
LOAD /home/flex/Qualcomm/Hexagon_SDK/3.4.3/libs/common/remote/ship/android_Debug_aarch64//libcdsprpc.so
END GROUP
LOAD /home/flex/Qualcomm/Hexagon_SDK/3.4.3/tools/android-ndk-r14b/platforms/android-21/arch-arm64/usr/lib/libm.so
LOAD /home/flex/Qualcomm/Hexagon_SDK/3.4.3/tools/android-ndk-r14b/platforms/android-21/arch-arm64/usr/lib/libc.so
                0x0000000000000000                PROVIDE (__executable_start, 0x0)
                0x0000000000000200                . = (0x0 + SIZEOF_HEADERS)

.interp         0x0000000000000200       0x15
 *(.interp)
 .interp        0x0000000000000200       0x15 /home/flex/Qualcomm/Hexagon_SDK/3.4.3/tools/android-ndk-r14b/platforms/android-21/arch-arm64/usr/lib/crtbegin_dynamic.o

.note.android.ident
                0x0000000000000218       0x98
 .note.android.ident
                0x0000000000000218       0x98 /home/flex/Qualcomm/Hexagon_SDK/3.4.3/tools/android-ndk-r14b/platforms/android-21/arch-arm64/usr/lib/crtbegin_dynamic.o

.note.gnu.build-id
 *(.note.gnu.build-id)

.hash           0x00000000000002b0      0x14c
 *(.hash)
 .hash          0x00000000000002b0      0x14c /home/flex/Qualcomm/Hexagon_SDK/3.4.3/tools/android-ndk-r14b/platforms/android-21/arch-arm64/usr/lib/crtbegin_dynamic.o

.gnu.hash
 *(.gnu.hash)

.dynsym         0x0000000000000400      0x420
 *(.dynsym)
 .dynsym        0x0000000000000400      0x420 /home/flex/Qualcomm/Hexagon_SDK/3.4.3/tools/android-ndk-r14b/platforms/android-21/arch-arm64/usr/lib/crtbegin_dynamic.o

.dynstr         0x0000000000000820      0x211
 *(.dynstr)
 .dynstr        0x0000000000000820      0x211 /home/flex/Qualcomm/Hexagon_SDK/3.4.3/tools/android-ndk-r14b/platforms/android-21/arch-arm64/usr/lib/crtbegin_dynamic.o

.gnu.version    0x0000000000000a32       0x58
 *(.gnu.version)
 .gnu.version   0x0000000000000a32       0x58 /home/flex/Qualcomm/Hexagon_SDK/3.4.3/tools/android-ndk-r14b/platforms/android-21/arch-arm64/usr/lib/crtbegin_dynamic.o

.gnu.version_d  0x0000000000000a90        0x0
 *(.gnu.version_d)
 .gnu.version_d
                0x0000000000000a90        0x0 /home/flex/Qualcomm/Hexagon_SDK/3.4.3/tools/android-ndk-r14b/platforms/android-21/arch-arm64/usr/lib/crtbegin_dynamic.o

.gnu.version_r  0x0000000000000a90       0x40
 *(.gnu.version_r)
 .gnu.version_r
                0x0000000000000a90       0x40 /home/flex/Qualcomm/Hexagon_SDK/3.4.3/tools/android-ndk-r14b/platforms/android-21/arch-arm64/usr/lib/crtbegin_dynamic.o

.rela.dyn       0x0000000000000ad0      0x138
 *(.rela.init)
 *(.rela.text .rela.text.* .rela.gnu.linkonce.t.*)
 *(.rela.fini)
 *(.rela.rodata .rela.rodata.* .rela.gnu.linkonce.r.*)
 *(.rela.data .rela.data.* .rela.gnu.linkonce.d.*)
 .rela.data.rel.ro.local
                0x0000000000000ad0       0x78 /home/flex/Qualcomm/Hexagon_SDK/3.4.3/tools/android-ndk-r14b/platforms/android-21/arch-arm64/usr/lib/crtbegin_dynamic.o
 *(.rela.tdata .rela.tdata.* .rela.gnu.linkonce.td.*)
 *(.rela.tbss .rela.tbss.* .rela.gnu.linkonce.tb.*)
 *(.rela.ctors)
 *(.rela.dtors)
 *(.rela.got)
 .rela.got      0x0000000000000b48       0xc0 /home/flex/Qualcomm/Hexagon_SDK/3.4.3/tools/android-ndk-r14b/platforms/android-21/arch-arm64/usr/lib/crtbegin_dynamic.o
 *(.rela.bss .rela.bss.* .rela.gnu.linkonce.b.*)
 *(.rela.ifunc)
 .rela.ifunc    0x0000000000000c08        0x0 /home/flex/Qualcomm/Hexagon_SDK/3.4.3/tools/android-ndk-r14b/platforms/android-21/arch-arm64/usr/lib/crtbegin_dynamic.o

.rela.plt       0x0000000000000c08      0x270
 *(.rela.plt)
 .rela.plt      0x0000000000000c08      0x270 /home/flex/Qualcomm/Hexagon_SDK/3.4.3/tools/android-ndk-r14b/platforms/android-21/arch-arm64/usr/lib/crtbegin_dynamic.o
                0x0000000000000e78                PROVIDE (__rela_iplt_start, .)
 *(.rela.iplt)
                0x0000000000000e78                PROVIDE (__rela_iplt_end, .)

.init
 *(SORT(.init))

.plt            0x0000000000000e80      0x1c0
 *(.plt)
 .plt           0x0000000000000e80      0x1c0 /home/flex/Qualcomm/Hexagon_SDK/3.4.3/tools/android-ndk-r14b/platforms/android-21/arch-arm64/usr/lib/crtbegin_dynamic.o
 *(.iplt)

.text           0x0000000000001040     0x1a78
 *(.text.unlikely .text.*_unlikely .text.unlikely.*)
 *(.text.exit .text.exit.*)
 *(.text.startup .text.startup.*)
 *(.text.hot .text.hot.*)
 *(.text .stub .text.* .gnu.linkonce.t.*)
 .text          0x0000000000001040       0x78 /home/flex/Qualcomm/Hexagon_SDK/3.4.3/tools/android-ndk-r14b/platforms/android-21/arch-arm64/usr/lib/crtbegin_dynamic.o
                0x0000000000001040                _start
                0x0000000000001048                __atexit_handler_wrapper
                0x0000000000001060                do_arm64_start
                0x00000000000010a0                atexit
 .text          0x00000000000010b8        0x0 /home/flex/Qualcomm/Hexagon_SDK/3.4.3/tools/android-ndk-r14b/platforms/android-21/arch-arm64/usr/lib/crtend_android.o
 .text          0x00000000000010b8       0xc8 android_Debug_aarch64/dsp_main.o
                0x00000000000010b8                main
 .text          0x0000000000001180      0x190 android_Debug_aarch64/dsp_test.o
                0x0000000000001180                local_dsp_sum
                0x00000000000011ac                dsp_test
 .text          0x0000000000001310      0x214 android_Debug_aarch64/dsp_stub.o
                0x00000000000013a4                _dsp_atomic_CompareAndExchange
                0x00000000000013e4                _dsp_handle
                0x0000000000001484                dsp_skel_invoke
                0x0000000000001500                dsp_fft
 .text          0x0000000000001524     0x1594 /home/flex/Qualcomm/Hexagon_SDK/3.4.3/libs/common/rpcmem/android_Debug_aarch64/ship/rpcmem.a(rpcmem_android.o)
                0x00000000000016d4                rpcmem_init
                0x00000000000017bc                rpcmem_deinit
                0x000000000000187c                rpcmem_alloc_internal
                0x0000000000001bf0                rpcmem_alloc
                0x0000000000001c20                rpcmem_free_internal
                0x0000000000001d84                rpcmem_free
                0x0000000000001da0                rpcmem_to_fd_internal
                0x0000000000001e80                rpcmem_to_fd
 *(.gnu.warning)

.fini
 *(SORT(.fini))
                0x0000000000002ab8                PROVIDE (__etext, .)
                0x0000000000002ab8                PROVIDE (_etext, .)
                0x0000000000002ab8                PROVIDE (etext, .)

.rodata         0x0000000000002ab8      0xc00
 *(.rodata .rodata.* .gnu.linkonce.r.*)
 .rodata        0x0000000000002ab8       0x58 android_Debug_aarch64/dsp_main.o
 .rodata        0x0000000000002b10      0x110 android_Debug_aarch64/dsp_test.o
 .rodata        0x0000000000002c20       0x48 android_Debug_aarch64/dsp_stub.o
 .rodata        0x0000000000002c68      0xa50 /home/flex/Qualcomm/Hexagon_SDK/3.4.3/libs/common/rpcmem/android_Debug_aarch64/ship/rpcmem.a(rpcmem_android.o)

.rodata1
 *(.rodata1)

.eh_frame_hdr   0x00000000000036b8        0x0
 *(.eh_frame_hdr)
 .eh_frame_hdr  0x00000000000036b8        0x0 /home/flex/Qualcomm/Hexagon_SDK/3.4.3/tools/android-ndk-r14b/platforms/android-21/arch-arm64/usr/lib/libc.so

.eh_frame
 *(.eh_frame)

.gcc_except_table
 *(.gcc_except_table .gcc_except_table.*)

.exception_ranges
 *(.exception_ranges .exception_ranges*)
                0x00000000000036b8                . = (ALIGN (0x10000) - ((0x10000 - .) & 0xffff))
                0x0000000000013c30                . = DATA_SEGMENT_ALIGN (0x10000, 0x1000)

.eh_frame
 *(.eh_frame)

.gcc_except_table
 *(.gcc_except_table .gcc_except_table.*)

.exception_ranges
 *(.exception_ranges .exception_ranges*)

.tdata
 *(.tdata .tdata.* .gnu.linkonce.td.*)

.tbss
 *(.tbss .tbss.* .gnu.linkonce.tb.*)
 *(.tcommon)
                0x0000000000013c30                . = ALIGN (0x8)
                0x0000000000013c30                PROVIDE (__preinit_array_start, .)

.preinit_array  0x0000000000013c30       0x10
 *(.preinit_array)
 .preinit_array
                0x0000000000013c30        0x8 /home/flex/Qualcomm/Hexagon_SDK/3.4.3/tools/android-ndk-r14b/platforms/android-21/arch-arm64/usr/lib/crtbegin_dynamic.o
                0x0000000000013c30                __PREINIT_ARRAY__
 .preinit_array
                0x0000000000013c38        0x8 /home/flex/Qualcomm/Hexagon_SDK/3.4.3/tools/android-ndk-r14b/platforms/android-21/arch-arm64/usr/lib/crtend_android.o
                0x0000000000013c40                PROVIDE (__preinit_array_end, .)
                0x0000000000013c40                PROVIDE (__init_array_start, .)

.init_array     0x0000000000013c40       0x10
 *crtbegin*.o(.init_array)
 .init_array    0x0000000000013c40        0x8 /home/flex/Qualcomm/Hexagon_SDK/3.4.3/tools/android-ndk-r14b/platforms/android-21/arch-arm64/usr/lib/crtbegin_dynamic.o
                0x0000000000013c40                __INIT_ARRAY__
 *(SORT(.init_array.*) SORT(.ctors.*))
 *(.init_array EXCLUDE_FILE(*crtend*.o *crtend.o *crtbegin*.o *crtbegin.o) .ctors)
 .init_array    0x0000000000013c48        0x8 /home/flex/Qualcomm/Hexagon_SDK/3.4.3/tools/android-ndk-r14b/platforms/android-21/arch-arm64/usr/lib/crtend_android.o
                0x0000000000013c50                PROVIDE (__init_array_end, .)
                0x0000000000013c50                PROVIDE (__fini_array_start, .)

.fini_array     0x0000000000013c50       0x10
 *crtbegin*.o(.fini_array)
 .fini_array    0x0000000000013c50        0x8 /home/flex/Qualcomm/Hexagon_SDK/3.4.3/tools/android-ndk-r14b/platforms/android-21/arch-arm64/usr/lib/crtbegin_dynamic.o
                0x0000000000013c50                __FINI_ARRAY__
 *(SORT(.fini_array.*) SORT(.dtors.*))
 *(.fini_array EXCLUDE_FILE(*crtend*.o *crtend.o *crtbegin*.o *crtbegin.o) .dtors)
 .fini_array    0x0000000000013c58        0x8 /home/flex/Qualcomm/Hexagon_SDK/3.4.3/tools/android-ndk-r14b/platforms/android-21/arch-arm64/usr/lib/crtend_android.o
                0x0000000000013c60                PROVIDE (__fini_array_end, .)

.ctors
 *crtbegin.o(.ctors)
 *crtbegin*.o(.ctors)
 *(EXCLUDE_FILE(*crtend*.o *crtend.o) .ctors)
 *(SORT(.ctors.*))
 *(.ctors)

.dtors
 *crtbegin.o(.dtors)
 *crtbegin*.o(.dtors)
 *(EXCLUDE_FILE(*crtend*.o *crtend.o) .dtors)
 *(SORT(.dtors.*))
 *(.dtors)

.jcr
 *(.jcr)

.data.rel.ro    0x0000000000013c60       0x40
 *(.data.rel.ro.local* .gnu.linkonce.d.rel.ro.local.*)
 .data.rel.ro.local
                0x0000000000013c60       0x40 android_Debug_aarch64/dsp_stub.o
                0x0000000000013c68                dsp_slim
 *(.data.rel.ro .data.rel.ro.* .gnu.linkonce.d.rel.ro.*)

.dynamic        0x0000000000013ca0      0x230
 *(.dynamic)
 .dynamic       0x0000000000013ca0      0x230 /home/flex/Qualcomm/Hexagon_SDK/3.4.3/tools/android-ndk-r14b/platforms/android-21/arch-arm64/usr/lib/crtbegin_dynamic.o
                0x0000000000013ca0                _DYNAMIC

.got            0x0000000000013ed0      0x130
 *(.got.plt)
 .got.plt       0x0000000000013ed0       0xe8 /home/flex/Qualcomm/Hexagon_SDK/3.4.3/tools/android-ndk-r14b/platforms/android-21/arch-arm64/usr/lib/crtbegin_dynamic.o
 *(.igot.plt)
 *(.got)
 .got           0x0000000000013fb8       0x48 /home/flex/Qualcomm/Hexagon_SDK/3.4.3/tools/android-ndk-r14b/platforms/android-21/arch-arm64/usr/lib/crtbegin_dynamic.o
                0x0000000000013fb8                _GLOBAL_OFFSET_TABLE_
 *(.igot)
                0x0000000000014000                . = DATA_SEGMENT_RELRO_END (., 0x0)

.data           0x0000000000014000       0x40
                0x0000000000014000                PROVIDE (__data_start, .)
 *(.data .data.* .gnu.linkonce.d.*)
 .data          0x0000000000014000        0x8 /home/flex/Qualcomm/Hexagon_SDK/3.4.3/tools/android-ndk-r14b/platforms/android-21/arch-arm64/usr/lib/crtbegin_dynamic.o
                0x0000000000014000                __dso_handle
 .data          0x0000000000014008        0x0 /home/flex/Qualcomm/Hexagon_SDK/3.4.3/tools/android-ndk-r14b/platforms/android-21/arch-arm64/usr/lib/crtend_android.o
 .data          0x0000000000014008        0x0 android_Debug_aarch64/dsp_main.o
 .data          0x0000000000014008        0x0 android_Debug_aarch64/dsp_test.o
 .data          0x0000000000014008        0x4 android_Debug_aarch64/dsp_stub.o
 *fill*         0x000000000001400c        0x4 
 .data          0x0000000000014010       0x30 /home/flex/Qualcomm/Hexagon_SDK/3.4.3/libs/common/rpcmem/android_Debug_aarch64/ship/rpcmem.a(rpcmem_android.o)

.data1
 *(.data1)
                0x0000000000014040                _edata = .
                0x0000000000014040                PROVIDE (edata, .)
                0x0000000000014040                __bss_start = .
                0x0000000000014040                __bss_start__ = .

.bss            0x0000000000014040       0x48
 *(.dynbss)
 .dynbss        0x0000000000014040        0x0 /home/flex/Qualcomm/Hexagon_SDK/3.4.3/tools/android-ndk-r14b/platforms/android-21/arch-arm64/usr/lib/crtbegin_dynamic.o
 *(.bss .bss.* .gnu.linkonce.b.*)
 .bss           0x0000000000014040        0x0 /home/flex/Qualcomm/Hexagon_SDK/3.4.3/tools/android-ndk-r14b/platforms/android-21/arch-arm64/usr/lib/crtbegin_dynamic.o
 .bss           0x0000000000014040        0x0 /home/flex/Qualcomm/Hexagon_SDK/3.4.3/tools/android-ndk-r14b/platforms/android-21/arch-arm64/usr/lib/crtend_android.o
 .bss           0x0000000000014040        0x0 android_Debug_aarch64/dsp_main.o
 .bss           0x0000000000014040        0x0 android_Debug_aarch64/dsp_test.o
 .bss           0x0000000000014040        0x0 android_Debug_aarch64/dsp_stub.o
 .bss           0x0000000000014040       0x48 /home/flex/Qualcomm/Hexagon_SDK/3.4.3/libs/common/rpcmem/android_Debug_aarch64/ship/rpcmem.a(rpcmem_android.o)
 *(COMMON)
                0x0000000000014088                . = ALIGN (0x8)
                0x0000000000014088                _bss_end__ = .
                0x0000000000014088                __bss_end__ = .
                0x0000000000014088                . = ALIGN (0x8)
                0x0000000000014088                . = SEGMENT_START ("ldata-segment", .)
                0x0000000000014088                . = ALIGN (0x8)
                0x0000000000014088                __end__ = .
                0x0000000000014088                _end = .
                0x0000000000014088                _bss_end__ = .
                0x0000000000014088                __bss_end__ = .
                0x0000000000014088                __end__ = .
                0x0000000000014088                PROVIDE (end, .)
                0x0000000000014088                . = DATA_SEGMENT_END (.)

.stab
 *(.stab)

.stabstr
 *(.stabstr)

.stab.excl
 *(.stab.excl)

.stab.exclstr
 *(.stab.exclstr)

.stab.index
 *(.stab.index)

.stab.indexstr
 *(.stab.indexstr)

.comment        0x0000000000000000       0x27
 *(.comment)
 .comment       0x0000000000000000       0x27 /home/flex/Qualcomm/Hexagon_SDK/3.4.3/tools/android-ndk-r14b/platforms/android-21/arch-arm64/usr/lib/crtbegin_dynamic.o
                                         0x28 (size before relaxing)
 .comment       0x0000000000000027       0x28 android_Debug_aarch64/dsp_main.o
 .comment       0x0000000000000027       0x28 android_Debug_aarch64/dsp_test.o
 .comment       0x0000000000000027       0x28 android_Debug_aarch64/dsp_stub.o
 .comment       0x0000000000000027       0x28 /home/flex/Qualcomm/Hexagon_SDK/3.4.3/libs/common/rpcmem/android_Debug_aarch64/ship/rpcmem.a(rpcmem_android.o)

.debug
 *(.debug)

.line
 *(.line)

.debug_srcinfo
 *(.debug_srcinfo)

.debug_sfnames
 *(.debug_sfnames)

.debug_aranges  0x0000000000000000       0xc0
 *(.debug_aranges)
 .debug_aranges
                0x0000000000000000       0x30 android_Debug_aarch64/dsp_main.o
 .debug_aranges
                0x0000000000000030       0x30 android_Debug_aarch64/dsp_test.o
 .debug_aranges
                0x0000000000000060       0x30 android_Debug_aarch64/dsp_stub.o
 .debug_aranges
                0x0000000000000090       0x30 /home/flex/Qualcomm/Hexagon_SDK/3.4.3/libs/common/rpcmem/android_Debug_aarch64/ship/rpcmem.a(rpcmem_android.o)

.debug_pubnames
 *(.debug_pubnames)

.debug_info     0x0000000000000000     0x1d2b
 *(.debug_info .gnu.linkonce.wi.*)
 .debug_info    0x0000000000000000      0x328 android_Debug_aarch64/dsp_main.o
 .debug_info    0x0000000000000328      0x189 android_Debug_aarch64/dsp_test.o
 .debug_info    0x00000000000004b1      0xb99 android_Debug_aarch64/dsp_stub.o
 .debug_info    0x000000000000104a      0xce1 /home/flex/Qualcomm/Hexagon_SDK/3.4.3/libs/common/rpcmem/android_Debug_aarch64/ship/rpcmem.a(rpcmem_android.o)

.debug_abbrev   0x0000000000000000      0x5d5
 *(.debug_abbrev)
 .debug_abbrev  0x0000000000000000      0x10b android_Debug_aarch64/dsp_main.o
 .debug_abbrev  0x000000000000010b       0xac android_Debug_aarch64/dsp_test.o
 .debug_abbrev  0x00000000000001b7      0x1e9 android_Debug_aarch64/dsp_stub.o
 .debug_abbrev  0x00000000000003a0      0x235 /home/flex/Qualcomm/Hexagon_SDK/3.4.3/libs/common/rpcmem/android_Debug_aarch64/ship/rpcmem.a(rpcmem_android.o)

.debug_line     0x0000000000000000      0xbe9
 *(.debug_line .debug_line.* .debug_line_end)
 .debug_line    0x0000000000000000      0x274 android_Debug_aarch64/dsp_main.o
 .debug_line    0x0000000000000274       0xb1 android_Debug_aarch64/dsp_test.o
 .debug_line    0x0000000000000325      0x222 android_Debug_aarch64/dsp_stub.o
 .debug_line    0x0000000000000547      0x6a2 /home/flex/Qualcomm/Hexagon_SDK/3.4.3/libs/common/rpcmem/android_Debug_aarch64/ship/rpcmem.a(rpcmem_android.o)

.debug_frame    0x0000000000000000      0x530
 *(.debug_frame)
 .debug_frame   0x0000000000000000       0x38 android_Debug_aarch64/dsp_main.o
 .debug_frame   0x0000000000000038       0x68 android_Debug_aarch64/dsp_test.o
 .debug_frame   0x00000000000000a0      0x120 android_Debug_aarch64/dsp_stub.o
 .debug_frame   0x00000000000001c0      0x370 /home/flex/Qualcomm/Hexagon_SDK/3.4.3/libs/common/rpcmem/android_Debug_aarch64/ship/rpcmem.a(rpcmem_android.o)

.debug_str      0x0000000000000000      0xb45
 *(.debug_str)
 .debug_str     0x0000000000000000      0x1be android_Debug_aarch64/dsp_main.o
                                        0x222 (size before relaxing)
 .debug_str     0x00000000000001be       0x3a android_Debug_aarch64/dsp_test.o
                                        0x191 (size before relaxing)
 .debug_str     0x00000000000001f8      0x440 android_Debug_aarch64/dsp_stub.o
                                        0x5d8 (size before relaxing)
 .debug_str     0x0000000000000638      0x50d /home/flex/Qualcomm/Hexagon_SDK/3.4.3/libs/common/rpcmem/android_Debug_aarch64/ship/rpcmem.a(rpcmem_android.o)
                                        0x677 (size before relaxing)

.debug_loc
 *(.debug_loc)

.debug_macinfo
 *(.debug_macinfo)

.debug_weaknames
 *(.debug_weaknames)

.debug_funcnames
 *(.debug_funcnames)

.debug_typenames
 *(.debug_typenames)

.debug_varnames
 *(.debug_varnames)

.debug_pubtypes
 *(.debug_pubtypes)

.debug_ranges
 *(.debug_ranges)

.debug_macro
 *(.debug_macro)

.ARM.attributes
 *(.ARM.attributes)
 *(.gnu.attributes)

.note.gnu.arm.ident
 *(.note.gnu.arm.ident)

/DISCARD/
 *(.note.GNU-stack)
 *(.gnu_debuglink)
 *(.gnu.lto_*)
 *(.mdebug.*)
OUTPUT(android_Debug_aarch64/dsp elf64-littleaarch64)
