# Linker from QuIC LLVM Hexagon Clang version Version 8.3.02
# Linker based on LLVM version: 7.0
# Notable linker command/script options:
# CPU Architecture Version: hexagonv60
# Target triple environment for the link: unknown
# Maximum GP size: 0
# Link type: Dynamic and Bsymbolic set
# ABI Page Size: 0x1000
# CommandLine : /home/flex/Qualcomm/Hexagon_SDK/3.4.3/tools/HEXAGON_Tools/8.3.02/Tools/bin/hexagon-link -z relro --hash-style=sysv -march=hexagon -mcpu=hexagonv60 -shared -call_shared -G0 -o hexagon_Debug_dynamic_toolv83_v60/libdsp_skel.so /home/flex/Qualcomm/Hexagon_SDK/3.4.3/tools/HEXAGON_Tools/8.3.02/Tools/bin/../target/hexagon/lib/v60/G0/pic/initS.o -L/home/flex/Qualcomm/Hexagon_SDK/3.4.3/tools/HEXAGON_Tools/8.3.02/Tools/bin/../target/hexagon/lib/v60/G0/pic -L/home/flex/Qualcomm/Hexagon_SDK/3.4.3/tools/HEXAGON_Tools/8.3.02/Tools/bin/../target/hexagon/lib/v60/G0 -L/home/flex/Qualcomm/Hexagon_SDK/3.4.3/tools/HEXAGON_Tools/8.3.02/Tools/bin/../target/hexagon/lib/v60 -L/home/flex/Qualcomm/Hexagon_SDK/3.4.3/tools/HEXAGON_Tools/8.3.02/Tools/bin/../target/hexagon/lib --no-threads -Bsymbolic --wrap=malloc --wrap=calloc --wrap=free --wrap=realloc --wrap=memalign --wrap=__stack_chk_fail -lc -Map=hexagon_Debug_dynamic_toolv83_v60/libdsp_skel.so.map -soname=libdsp_skel.so --start-group hexagon_Debug_dynamic_toolv83_v60/dsp_skel.o hexagon_Debug_dynamic_toolv83_v60/dsp_imp.o hexagon_Debug_dynamic_toolv83_v60/fft.o hexagon_Debug_dynamic_toolv83_v60/ifft.o hexagon_Debug_dynamic_toolv83_v60/fft_util.o hexagon_Debug_dynamic_toolv83_v60/test_precision.o hexagon_Debug_dynamic_toolv83_v60/floatfft.o hexagon_Debug_dynamic_toolv83_v60/bkfir_c.o hexagon_Debug_dynamic_toolv83_v60/iir_cas_bq_c.o hexagon_Debug_dynamic_toolv83_v60/flt_iir_cas_bq.o hexagon_Debug_dynamic_toolv83_v60/flt_bkfir.o --end-group --start-group -lgcc --end-group /home/flex/Qualcomm/Hexagon_SDK/3.4.3/tools/HEXAGON_Tools/8.3.02/Tools/bin/../target/hexagon/lib/v60/G0/pic/finiS.o 

Allocating common symbols
Common symbol	size	file

Expected_results	0x400	hexagon_Debug_dynamic_toolv83_v60/dsp_imp.o
Output	0x400	hexagon_Debug_dynamic_toolv83_v60/dsp_imp.o
OutputIIR	0x144	hexagon_Debug_dynamic_toolv83_v60/dsp_imp.o
States	0x10	hexagon_Debug_dynamic_toolv83_v60/dsp_imp.o
fOutput	0x4000	hexagon_Debug_dynamic_toolv83_v60/dsp_imp.o
fWtwiddles	0x3000	hexagon_Debug_dynamic_toolv83_v60/dsp_imp.o
fref	0x4000	hexagon_Debug_dynamic_toolv83_v60/dsp_imp.o
output	0x140	hexagon_Debug_dynamic_toolv83_v60/dsp_imp.o
ref_out	0x140	hexagon_Debug_dynamic_toolv83_v60/dsp_imp.o
ref_outIIR	0x144	hexagon_Debug_dynamic_toolv83_v60/dsp_imp.o
Input	0x400	hexagon_Debug_dynamic_toolv83_v60/dsp_imp.o
fInput	0x4000	hexagon_Debug_dynamic_toolv83_v60/dsp_imp.o

Linker Script and memory map
LOAD /home/flex/Qualcomm/Hexagon_SDK/3.4.3/tools/HEXAGON_Tools/8.3.02/Tools/bin/../target/hexagon/lib/v60/G0/pic/initS.o[v60]
LOAD /home/flex/Qualcomm/Hexagon_SDK/3.4.3/tools/HEXAGON_Tools/8.3.02/Tools/bin/../target/hexagon/lib/v60/G0/pic/libc.so[v60]
START GROUP
LOAD hexagon_Debug_dynamic_toolv83_v60/dsp_skel.o[v60]
LOAD hexagon_Debug_dynamic_toolv83_v60/dsp_imp.o[v60]
LOAD hexagon_Debug_dynamic_toolv83_v60/fft.o[v60]
LOAD hexagon_Debug_dynamic_toolv83_v60/ifft.o[v60]
LOAD hexagon_Debug_dynamic_toolv83_v60/fft_util.o[v60]
LOAD hexagon_Debug_dynamic_toolv83_v60/test_precision.o[v60]
LOAD hexagon_Debug_dynamic_toolv83_v60/floatfft.o[v60]
LOAD hexagon_Debug_dynamic_toolv83_v60/bkfir_c.o[v60]
LOAD hexagon_Debug_dynamic_toolv83_v60/iir_cas_bq_c.o[v60]
LOAD hexagon_Debug_dynamic_toolv83_v60/flt_iir_cas_bq.o[v60]
LOAD hexagon_Debug_dynamic_toolv83_v60/flt_bkfir.o[v60]
END GROUP
START GROUP
LOAD /home/flex/Qualcomm/Hexagon_SDK/3.4.3/tools/HEXAGON_Tools/8.3.02/Tools/bin/../target/hexagon/lib/v60/G0/pic/libgcc.so[v60]
END GROUP
LOAD /home/flex/Qualcomm/Hexagon_SDK/3.4.3/tools/HEXAGON_Tools/8.3.02/Tools/bin/../target/hexagon/lib/v60/G0/pic/finiS.o[v60]

.dynsym	0xd4	0x4a0 # Offset: 0xd4, LMA: 0xd4, Alignment: 0x4

.dynstr	0x574	0x359 # Offset: 0x574, LMA: 0x574, Alignment: 0x1

.hash	0x8d0	0x258 # Offset: 0x8d0, LMA: 0x8d0, Alignment: 0x4

.rela.dyn	0xb28	0x12c # Offset: 0xb28, LMA: 0xb28, Alignment: 0x4

.rela.plt	0xc54	0xfc # Offset: 0xc54, LMA: 0xc54, Alignment: 0x4

.init	0xd60	0x6c # Offset: 0xd60, LMA: 0xd60, Alignment: 0x20
.init	0xd60	0x6c	/home/flex/Qualcomm/Hexagon_SDK/3.4.3/tools/HEXAGON_Tools/8.3.02/Tools/bin/../target/hexagon/lib/v60/G0/pic/initS.o	#SHT_PROGBITS,SHF_ALLOC|SHF_EXECINSTR,32
	0xd60		_init

.plt	0xdd0	0x180 # Offset: 0xdd0, LMA: 0xdd0, Alignment: 0x10

.text	0xf60	0x49d4 # Offset: 0xf60, LMA: 0xf60, Alignment: 0x20
.text.__cxa_finalize_stub	0xf60	0x30	/home/flex/Qualcomm/Hexagon_SDK/3.4.3/tools/HEXAGON_Tools/8.3.02/Tools/bin/../target/hexagon/lib/v60/G0/pic/initS.o	#SHT_PROGBITS,SHF_ALLOC|SHF_EXECINSTR,32
	0xf60		__cxa_finalize_stub
	0xf88		__dso_handle
.text	0xf90	0x150	hexagon_Debug_dynamic_toolv83_v60/dsp_skel.o	#SHT_PROGBITS,SHF_ALLOC|SHF_EXECINSTR,16
	0xf90		dsp_skel_invoke
	0x1000		_skel_method
.text	0x10e0	0xd7c	hexagon_Debug_dynamic_toolv83_v60/dsp_imp.o	#SHT_PROGBITS,SHF_ALLOC|SHF_EXECINSTR,16
	0x10e0		diff_time
	0x1144		dsp_fft
	0x1de8		_HAP_debug_v2
PADDING_ALIGNMENT	0x1e5c	0x4	0x0
.text	0x1e60	0xc48	hexagon_Debug_dynamic_toolv83_v60/fft.o	#SHT_PROGBITS,SHF_ALLOC|SHF_EXECINSTR,16
	0x1e60		sfft16x16
	0x2484		fft16x16
PADDING_ALIGNMENT	0x2aa8	0x8	0x0
.text	0x2ab0	0x624	hexagon_Debug_dynamic_toolv83_v60/ifft.o	#SHT_PROGBITS,SHF_ALLOC|SHF_EXECINSTR,16
	0x2ab0		ifft16x16
PADDING_ALIGNMENT	0x30d4	0xc	0x0
.text	0x30e0	0x7e0	hexagon_Debug_dynamic_toolv83_v60/fft_util.o	#SHT_PROGBITS,SHF_ALLOC|SHF_EXECINSTR,16
	0x30e0		bitrev
	0x3164		cavg
	0x31f8		cnavg
	0x329c		sRadix2BTFLY
	0x32f4		sRadix4BTFLYqv3
	0x33d0		sRadix4BTFLY
	0x34ac		Radix2BTFLY
	0x3500		Radix4BTFLYqv3
	0x35d8		Radix4BTFLY
	0x36b0		ifftRadix2BTFLY
	0x3708		ifftRadix4BTFLYqv3
	0x37e4		ifftRadix4BTFLY
.text	0x38c0	0xc58	hexagon_Debug_dynamic_toolv83_v60/test_precision.o	#SHT_PROGBITS,SHF_ALLOC|SHF_EXECINSTR,16
	0x38c0		PrecisionCheck
	0x3ff4		fPrecisionCheck
PADDING_ALIGNMENT	0x4518	0x8	0x0
.text	0x4520	0xee4	hexagon_Debug_dynamic_toolv83_v60/floatfft.o	#SHT_PROGBITS,SHF_ALLOC|SHF_EXECINSTR,16
	0x4520		fbitrev
	0x45a4		fRadix2BTFLY
	0x4628		fRadix4BTFLY
	0x4818		sfpFFT
PADDING_ALIGNMENT	0x5404	0xc	0x0
.text	0x5410	0x100	hexagon_Debug_dynamic_toolv83_v60/bkfir_c.o	#SHT_PROGBITS,SHF_ALLOC|SHF_EXECINSTR,16
	0x5410		flt_bkfir_ref
.text	0x5510	0x180	hexagon_Debug_dynamic_toolv83_v60/iir_cas_bq_c.o	#SHT_PROGBITS,SHF_ALLOC|SHF_EXECINSTR,16
	0x5510		flt_IIR_casBiquad_ref
PADDING_ALIGNMENT	0x5690	0x10	0x0
.text	0x56a0	0x148	hexagon_Debug_dynamic_toolv83_v60/flt_iir_cas_bq.o	#SHT_PROGBITS,SHF_ALLOC|SHF_EXECINSTR,32
	0x56a0		flt_IIR_casBiquad
	0x56e0		.IIR_sampLoop
	0x5700		.IIR_filtLoop
	0x573c		.IIR_filtLpend
	0x5794		.IIR_filt_1sample
	0x57a4		.IIR_filt_1sampleLoop
PADDING_ALIGNMENT	0x57e8	0x18	0x0
.text	0x5800	0x134	hexagon_Debug_dynamic_toolv83_v60/flt_bkfir.o	#SHT_PROGBITS,SHF_ALLOC|SHF_EXECINSTR,32
	0x5800		flt_bkfir
	0x5840		.flt_bkfir_mainLOOP
	0x5870		.flt_bkfir_innerLOOP
	0x58c8		.flt_bkfir_innerLPEND

.fini	0x5940	0x44 # Offset: 0x5940, LMA: 0x5940, Alignment: 0x20
.fini	0x5940	0x44	/home/flex/Qualcomm/Hexagon_SDK/3.4.3/tools/HEXAGON_Tools/8.3.02/Tools/bin/../target/hexagon/lib/v60/G0/pic/finiS.o	#SHT_PROGBITS,SHF_ALLOC|SHF_EXECINSTR,32
	0x5940		_fini

.rodata	0x5988	0x395 # Offset: 0x5988, LMA: 0x5988, Alignment: 0x8
.rodata.methodStringsArrays	0x5988	0x2	hexagon_Debug_dynamic_toolv83_v60/dsp_skel.o	#SHT_PROGBITS,SHF_ALLOC,2
	0x5988		methodStringsArrays
.rodata.methodStrings	0x598a	0x2	hexagon_Debug_dynamic_toolv83_v60/dsp_skel.o	#SHT_PROGBITS,SHF_ALLOC,2
	0x598a		methodStrings
.rodata.strings	0x598c	0x5	hexagon_Debug_dynamic_toolv83_v60/dsp_skel.o	#SHT_PROGBITS,SHF_ALLOC,1
	0x598c		strings
PADDING_ALIGNMENT	0x5991	0x7	0x0
.rodata.methods	0x5998	0x1c	hexagon_Debug_dynamic_toolv83_v60/dsp_skel.o	#SHT_PROGBITS,SHF_ALLOC,8
	0x5998		methods
.rodata.str1.1	0x59b4	0xa	hexagon_Debug_dynamic_toolv83_v60/dsp_imp.o	#SHT_PROGBITS,SHF_ALLOC|SHF_MERGE|SHF_STRINGS,1
	0x59b4		.L.str
.rodata.str1.1	0x59be	0x31	hexagon_Debug_dynamic_toolv83_v60/dsp_imp.o	#SHT_PROGBITS,SHF_ALLOC|SHF_MERGE|SHF_STRINGS,1
	0x59be		.L.str.1
.rodata.str1.1	0x59ef	0x1d	hexagon_Debug_dynamic_toolv83_v60/dsp_imp.o	#SHT_PROGBITS,SHF_ALLOC|SHF_MERGE|SHF_STRINGS,1
	0x59ef		.L.str.2
.rodata.str1.1	0x5a0c	0x3a	hexagon_Debug_dynamic_toolv83_v60/dsp_imp.o	#SHT_PROGBITS,SHF_ALLOC|SHF_MERGE|SHF_STRINGS,1
	0x5a0c		.L.str.3
.rodata.str1.1	0x5a46	0x3a	hexagon_Debug_dynamic_toolv83_v60/dsp_imp.o	#SHT_PROGBITS,SHF_ALLOC|SHF_MERGE|SHF_STRINGS,1
	0x5a46		.L.str.4
.rodata.str1.1	0x5a80	0x1d	hexagon_Debug_dynamic_toolv83_v60/dsp_imp.o	#SHT_PROGBITS,SHF_ALLOC|SHF_MERGE|SHF_STRINGS,1
	0x5a80		.L.str.5
.rodata.str1.1	0x5a9d	0x39	hexagon_Debug_dynamic_toolv83_v60/dsp_imp.o	#SHT_PROGBITS,SHF_ALLOC|SHF_MERGE|SHF_STRINGS,1
	0x5a9d		.L.str.6
.rodata.str1.1	0x5ad6	0x1c	hexagon_Debug_dynamic_toolv83_v60/dsp_imp.o	#SHT_PROGBITS,SHF_ALLOC|SHF_MERGE|SHF_STRINGS,1
	0x5ad6		.L.str.7
.rodata.str1.1	0x5af2	0x39	hexagon_Debug_dynamic_toolv83_v60/dsp_imp.o	#SHT_PROGBITS,SHF_ALLOC|SHF_MERGE|SHF_STRINGS,1
	0x5af2		.L.str.8
.rodata.str1.1	0x5b2b	0x1c	hexagon_Debug_dynamic_toolv83_v60/dsp_imp.o	#SHT_PROGBITS,SHF_ALLOC|SHF_MERGE|SHF_STRINGS,1
	0x5b2b		.L.str.9
.rodata.str1.1	0x5b47	0x3a	hexagon_Debug_dynamic_toolv83_v60/dsp_imp.o	#SHT_PROGBITS,SHF_ALLOC|SHF_MERGE|SHF_STRINGS,1
	0x5b47		.L.str.10
.rodata.str1.1	0x5b81	0x1d	hexagon_Debug_dynamic_toolv83_v60/dsp_imp.o	#SHT_PROGBITS,SHF_ALLOC|SHF_MERGE|SHF_STRINGS,1
	0x5b81		.L.str.11
.rodata.str1.1	0x5b9e	0x3a	hexagon_Debug_dynamic_toolv83_v60/dsp_imp.o	#SHT_PROGBITS,SHF_ALLOC|SHF_MERGE|SHF_STRINGS,1
	0x5b9e		.L.str.12
.rodata.str1.1	0x5bd8	0x1d	hexagon_Debug_dynamic_toolv83_v60/dsp_imp.o	#SHT_PROGBITS,SHF_ALLOC|SHF_MERGE|SHF_STRINGS,1
	0x5bd8		.L.str.13
.rodata.str1.1	0x5bf5	0x3f	hexagon_Debug_dynamic_toolv83_v60/dsp_imp.o	#SHT_PROGBITS,SHF_ALLOC|SHF_MERGE|SHF_STRINGS,1
	0x5bf5		.L.str.14
.rodata.str1.1	0x5c34	0x22	hexagon_Debug_dynamic_toolv83_v60/dsp_imp.o	#SHT_PROGBITS,SHF_ALLOC|SHF_MERGE|SHF_STRINGS,1
	0x5c34		.L.str.15
.rodata.str1.1	0x5c56	0x3f	hexagon_Debug_dynamic_toolv83_v60/dsp_imp.o	#SHT_PROGBITS,SHF_ALLOC|SHF_MERGE|SHF_STRINGS,1
	0x5c56		.L.str.16
.rodata.str1.1	0x5c95	0x22	hexagon_Debug_dynamic_toolv83_v60/dsp_imp.o	#SHT_PROGBITS,SHF_ALLOC|SHF_MERGE|SHF_STRINGS,1
	0x5c95		.L.str.17
.rodata.str1.1	0x5cb7	0xc	hexagon_Debug_dynamic_toolv83_v60/dsp_imp.o	#SHT_PROGBITS,SHF_ALLOC|SHF_MERGE|SHF_STRINGS,1
	0x5cb7		.L.str.18
.rodata.str1.1	0x5cc3	0x16	hexagon_Debug_dynamic_toolv83_v60/test_precision.o	#SHT_PROGBITS,SHF_ALLOC|SHF_MERGE|SHF_STRINGS,1
	0x5cc3		.L.str
.rodata.str1.1	0x5cd9	0x2b	hexagon_Debug_dynamic_toolv83_v60/test_precision.o	#SHT_PROGBITS,SHF_ALLOC|SHF_MERGE|SHF_STRINGS,1
	0x5cd9		.L.str.1
.rodata.str1.1	0x5d04	0x19	hexagon_Debug_dynamic_toolv83_v60/test_precision.o	#SHT_PROGBITS,SHF_ALLOC|SHF_MERGE|SHF_STRINGS,1
	0x5d04		.L.str.2

.eh_frame	0x5d20	0x4 # Offset: 0x5d20, LMA: 0x5d20, Alignment: 0x20
.eh_frame	0x5d20	0x4	/home/flex/Qualcomm/Hexagon_SDK/3.4.3/tools/HEXAGON_Tools/8.3.02/Tools/bin/../target/hexagon/lib/v60/G0/pic/finiS.o	#SHT_PROGBITS,SHF_ALLOC,1
	0x5d20		__EH_FRAME_END__

.data.rel.ro	0x6000	0x20 # Offset: 0x6000, LMA: 0x6000, Alignment: 0x4
.data.rel.ro.methodArrays	0x6000	0x4	hexagon_Debug_dynamic_toolv83_v60/dsp_skel.o	#SHT_PROGBITS,SHF_ALLOC|SHF_WRITE,4
	0x6000		methodArrays
.data.rel.ro.dsp_slim	0x6004	0x1c	hexagon_Debug_dynamic_toolv83_v60/dsp_skel.o	#SHT_PROGBITS,SHF_ALLOC|SHF_WRITE,4
	0x6004		dsp_slim

.ctors	0x6020	0x8 # Offset: 0x6020, LMA: 0x6020, Alignment: 0x4
.ctors	0x6020	0x4	/home/flex/Qualcomm/Hexagon_SDK/3.4.3/tools/HEXAGON_Tools/8.3.02/Tools/bin/../target/hexagon/lib/v60/G0/pic/initS.o	#SHT_PROGBITS,SHF_ALLOC|SHF_WRITE,4
	0x6020		__CTOR_LIST__
.ctors	0x6024	0x4	/home/flex/Qualcomm/Hexagon_SDK/3.4.3/tools/HEXAGON_Tools/8.3.02/Tools/bin/../target/hexagon/lib/v60/G0/pic/finiS.o	#SHT_PROGBITS,SHF_ALLOC|SHF_WRITE,1
	0x6024		__CTOR_END__

.dtors	0x6028	0xc # Offset: 0x6028, LMA: 0x6028, Alignment: 0x4
.dtors	0x6028	0x8	/home/flex/Qualcomm/Hexagon_SDK/3.4.3/tools/HEXAGON_Tools/8.3.02/Tools/bin/../target/hexagon/lib/v60/G0/pic/initS.o	#SHT_PROGBITS,SHF_ALLOC|SHF_WRITE,4
	0x6028		__DTOR_LIST__
.dtors	0x6030	0x4	/home/flex/Qualcomm/Hexagon_SDK/3.4.3/tools/HEXAGON_Tools/8.3.02/Tools/bin/../target/hexagon/lib/v60/G0/pic/finiS.o	#SHT_PROGBITS,SHF_ALLOC|SHF_WRITE,1
	0x6030		__DTOR_END__

.dynamic	0x6034	0xb0 # Offset: 0x6034, LMA: 0x6034, Alignment: 0x4

.got	0x60e4	0x4c # Offset: 0x60e4, LMA: 0x60e4, Alignment: 0x4

.got.plt	0x7130	0x64 # Offset: 0x7130, LMA: 0x7130, Alignment: 0x8

.data	0x7198	0x3324 # Offset: 0x7198, LMA: 0x7198, Alignment: 0x8
.data.Wtwiddles	0x7198	0x3000	hexagon_Debug_dynamic_toolv83_v60/dsp_imp.o	#SHT_PROGBITS,SHF_ALLOC|SHF_WRITE,8
	0x7198		Wtwiddles
.data.coeffs	0xa198	0x40	hexagon_Debug_dynamic_toolv83_v60/dsp_imp.o	#SHT_PROGBITS,SHF_ALLOC|SHF_WRITE,8
	0xa198		coeffs
.data.input	0xa1d8	0x180	hexagon_Debug_dynamic_toolv83_v60/dsp_imp.o	#SHT_PROGBITS,SHF_ALLOC|SHF_WRITE,8
	0xa1d8		input
.data.Coeffs	0xa358	0x20	hexagon_Debug_dynamic_toolv83_v60/dsp_imp.o	#SHT_PROGBITS,SHF_ALLOC|SHF_WRITE,8
	0xa358		Coeffs
.data.InputIIR	0xa378	0x144	hexagon_Debug_dynamic_toolv83_v60/dsp_imp.o	#SHT_PROGBITS,SHF_ALLOC|SHF_WRITE,8
	0xa378		InputIIR

.bss	0x10000	0x24000 # Offset: 0x10000, LMA: 0x10000, Alignment: 0x10000
.bss	0x10000	0x400	hexagon_Debug_dynamic_toolv83_v60/dsp_imp.o	#SHT_NOBITS,SHF_ALLOC|SHF_WRITE,8
	0x10000		Expected_results
.bss	0x10400	0x400	hexagon_Debug_dynamic_toolv83_v60/dsp_imp.o	#SHT_NOBITS,SHF_ALLOC|SHF_WRITE,8
	0x10400		Output
.bss	0x10800	0x144	hexagon_Debug_dynamic_toolv83_v60/dsp_imp.o	#SHT_NOBITS,SHF_ALLOC|SHF_WRITE,8
	0x10800		OutputIIR
PADDING_ALIGNMENT	0x10944	0x4	0x0
.bss	0x10948	0x10	hexagon_Debug_dynamic_toolv83_v60/dsp_imp.o	#SHT_NOBITS,SHF_ALLOC|SHF_WRITE,8
	0x10948		States
.bss	0x10958	0x4000	hexagon_Debug_dynamic_toolv83_v60/dsp_imp.o	#SHT_NOBITS,SHF_ALLOC|SHF_WRITE,8
	0x10958		fOutput
.bss	0x14958	0x3000	hexagon_Debug_dynamic_toolv83_v60/dsp_imp.o	#SHT_NOBITS,SHF_ALLOC|SHF_WRITE,8
	0x14958		fWtwiddles
.bss	0x17958	0x4000	hexagon_Debug_dynamic_toolv83_v60/dsp_imp.o	#SHT_NOBITS,SHF_ALLOC|SHF_WRITE,8
	0x17958		fref
.bss	0x1b958	0x140	hexagon_Debug_dynamic_toolv83_v60/dsp_imp.o	#SHT_NOBITS,SHF_ALLOC|SHF_WRITE,8
	0x1b958		output
.bss	0x1ba98	0x140	hexagon_Debug_dynamic_toolv83_v60/dsp_imp.o	#SHT_NOBITS,SHF_ALLOC|SHF_WRITE,8
	0x1ba98		ref_out
.bss	0x1bbd8	0x144	hexagon_Debug_dynamic_toolv83_v60/dsp_imp.o	#SHT_NOBITS,SHF_ALLOC|SHF_WRITE,8
	0x1bbd8		ref_outIIR
PADDING_ALIGNMENT	0x1bd1c	0x42e4	0x0
.bss	0x20000	0x400	hexagon_Debug_dynamic_toolv83_v60/dsp_imp.o	#SHT_NOBITS,SHF_ALLOC|SHF_WRITE,65536
	0x20000		Input
PADDING_ALIGNMENT	0x20400	0xfc00	0x0
.bss	0x30000	0x4000	hexagon_Debug_dynamic_toolv83_v60/dsp_imp.o	#SHT_NOBITS,SHF_ALLOC|SHF_WRITE,65536
	0x30000		fInput

.debug_info	0x10000	0x1ddf # Offset: 0x10000, Alignment: 0x1
.debug_info	0x10000	0x94c	hexagon_Debug_dynamic_toolv83_v60/dsp_skel.o	#SHT_PROGBITS,,1
.debug_info	0x1094c	0x3c4	hexagon_Debug_dynamic_toolv83_v60/dsp_imp.o	#SHT_PROGBITS,,1
.debug_info	0x10d10	0x21b	hexagon_Debug_dynamic_toolv83_v60/fft.o	#SHT_PROGBITS,,1
.debug_info	0x10f2b	0x136	hexagon_Debug_dynamic_toolv83_v60/ifft.o	#SHT_PROGBITS,,1
.debug_info	0x11061	0x409	hexagon_Debug_dynamic_toolv83_v60/fft_util.o	#SHT_PROGBITS,,1
.debug_info	0x1146a	0x2e5	hexagon_Debug_dynamic_toolv83_v60/test_precision.o	#SHT_PROGBITS,,1
.debug_info	0x1174f	0x221	hexagon_Debug_dynamic_toolv83_v60/floatfft.o	#SHT_PROGBITS,,1
.debug_info	0x11970	0xc6	hexagon_Debug_dynamic_toolv83_v60/bkfir_c.o	#SHT_PROGBITS,,1
.debug_info	0x11a36	0xf4	hexagon_Debug_dynamic_toolv83_v60/iir_cas_bq_c.o	#SHT_PROGBITS,,1
.debug_info	0x11b2a	0x17b	hexagon_Debug_dynamic_toolv83_v60/flt_iir_cas_bq.o	#SHT_PROGBITS,,1
.debug_info	0x11ca5	0x13a	hexagon_Debug_dynamic_toolv83_v60/flt_bkfir.o	#SHT_PROGBITS,,1

.debug_str	0x11ddf	0x905 # Offset: 0x11ddf, Alignment: 0x1
.debug_str	0x11ddf	0x3d	hexagon_Debug_dynamic_toolv83_v60/dsp_skel.o	#SHT_PROGBITS,SHF_MERGE|SHF_STRINGS,1

.debug_abbrev	0x126e4	0x5da # Offset: 0x126e4, Alignment: 0x1
.debug_abbrev	0x126e4	0x141	hexagon_Debug_dynamic_toolv83_v60/dsp_skel.o	#SHT_PROGBITS,,1
.debug_abbrev	0x12825	0xfc	hexagon_Debug_dynamic_toolv83_v60/dsp_imp.o	#SHT_PROGBITS,,1
.debug_abbrev	0x12921	0x84	hexagon_Debug_dynamic_toolv83_v60/fft.o	#SHT_PROGBITS,,1
.debug_abbrev	0x129a5	0x84	hexagon_Debug_dynamic_toolv83_v60/ifft.o	#SHT_PROGBITS,,1
.debug_abbrev	0x12a29	0x80	hexagon_Debug_dynamic_toolv83_v60/fft_util.o	#SHT_PROGBITS,,1
.debug_abbrev	0x12aa9	0x69	hexagon_Debug_dynamic_toolv83_v60/test_precision.o	#SHT_PROGBITS,,1
.debug_abbrev	0x12b12	0x9b	hexagon_Debug_dynamic_toolv83_v60/floatfft.o	#SHT_PROGBITS,,1
.debug_abbrev	0x12bad	0x65	hexagon_Debug_dynamic_toolv83_v60/bkfir_c.o	#SHT_PROGBITS,,1
.debug_abbrev	0x12c12	0x5c	hexagon_Debug_dynamic_toolv83_v60/iir_cas_bq_c.o	#SHT_PROGBITS,,1
.debug_abbrev	0x12c6e	0x28	hexagon_Debug_dynamic_toolv83_v60/flt_iir_cas_bq.o	#SHT_PROGBITS,,1
.debug_abbrev	0x12c96	0x28	hexagon_Debug_dynamic_toolv83_v60/flt_bkfir.o	#SHT_PROGBITS,,1

.debug_aranges	0x12cbe	0x218 # Offset: 0x12cbe, Alignment: 0x1
.debug_aranges	0x12cbe	0x50	hexagon_Debug_dynamic_toolv83_v60/dsp_skel.o	#SHT_PROGBITS,,1
.debug_aranges	0x12d0e	0xa8	hexagon_Debug_dynamic_toolv83_v60/dsp_imp.o	#SHT_PROGBITS,,1
.debug_aranges	0x12db6	0x20	hexagon_Debug_dynamic_toolv83_v60/fft.o	#SHT_PROGBITS,,1
.debug_aranges	0x12dd6	0x20	hexagon_Debug_dynamic_toolv83_v60/ifft.o	#SHT_PROGBITS,,1
.debug_aranges	0x12df6	0x20	hexagon_Debug_dynamic_toolv83_v60/fft_util.o	#SHT_PROGBITS,,1
.debug_aranges	0x12e16	0x20	hexagon_Debug_dynamic_toolv83_v60/test_precision.o	#SHT_PROGBITS,,1
.debug_aranges	0x12e36	0x20	hexagon_Debug_dynamic_toolv83_v60/floatfft.o	#SHT_PROGBITS,,1
.debug_aranges	0x12e56	0x20	hexagon_Debug_dynamic_toolv83_v60/bkfir_c.o	#SHT_PROGBITS,,1
.debug_aranges	0x12e76	0x20	hexagon_Debug_dynamic_toolv83_v60/iir_cas_bq_c.o	#SHT_PROGBITS,,1
.debug_aranges	0x12e96	0x20	hexagon_Debug_dynamic_toolv83_v60/flt_iir_cas_bq.o	#SHT_PROGBITS,,1
.debug_aranges	0x12eb6	0x20	hexagon_Debug_dynamic_toolv83_v60/flt_bkfir.o	#SHT_PROGBITS,,1

.debug_macinfo	0x12ed6	0x9 # Offset: 0x12ed6, Alignment: 0x1
.debug_macinfo	0x12ed6	0x1	hexagon_Debug_dynamic_toolv83_v60/dsp_skel.o	#SHT_PROGBITS,,1
.debug_macinfo	0x12ed7	0x1	hexagon_Debug_dynamic_toolv83_v60/dsp_imp.o	#SHT_PROGBITS,,1
.debug_macinfo	0x12ed8	0x1	hexagon_Debug_dynamic_toolv83_v60/fft.o	#SHT_PROGBITS,,1
.debug_macinfo	0x12ed9	0x1	hexagon_Debug_dynamic_toolv83_v60/ifft.o	#SHT_PROGBITS,,1
.debug_macinfo	0x12eda	0x1	hexagon_Debug_dynamic_toolv83_v60/fft_util.o	#SHT_PROGBITS,,1
.debug_macinfo	0x12edb	0x1	hexagon_Debug_dynamic_toolv83_v60/test_precision.o	#SHT_PROGBITS,,1
.debug_macinfo	0x12edc	0x1	hexagon_Debug_dynamic_toolv83_v60/floatfft.o	#SHT_PROGBITS,,1
.debug_macinfo	0x12edd	0x1	hexagon_Debug_dynamic_toolv83_v60/bkfir_c.o	#SHT_PROGBITS,,1
.debug_macinfo	0x12ede	0x1	hexagon_Debug_dynamic_toolv83_v60/iir_cas_bq_c.o	#SHT_PROGBITS,,1

.debug_pubnames	0x12edf	0x3a1 # Offset: 0x12edf, Alignment: 0x1
.debug_pubnames	0x12edf	0x97	hexagon_Debug_dynamic_toolv83_v60/dsp_skel.o	#SHT_PROGBITS,,1
.debug_pubnames	0x12f76	0x111	hexagon_Debug_dynamic_toolv83_v60/dsp_imp.o	#SHT_PROGBITS,,1
.debug_pubnames	0x13087	0x2d	hexagon_Debug_dynamic_toolv83_v60/fft.o	#SHT_PROGBITS,,1
.debug_pubnames	0x130b4	0x20	hexagon_Debug_dynamic_toolv83_v60/ifft.o	#SHT_PROGBITS,,1
.debug_pubnames	0x130d4	0xd8	hexagon_Debug_dynamic_toolv83_v60/fft_util.o	#SHT_PROGBITS,,1
.debug_pubnames	0x131ac	0x39	hexagon_Debug_dynamic_toolv83_v60/test_precision.o	#SHT_PROGBITS,,1
.debug_pubnames	0x131e5	0x4b	hexagon_Debug_dynamic_toolv83_v60/floatfft.o	#SHT_PROGBITS,,1
.debug_pubnames	0x13230	0x24	hexagon_Debug_dynamic_toolv83_v60/bkfir_c.o	#SHT_PROGBITS,,1
.debug_pubnames	0x13254	0x2c	hexagon_Debug_dynamic_toolv83_v60/iir_cas_bq_c.o	#SHT_PROGBITS,,1

.debug_pubtypes	0x13280	0x445 # Offset: 0x13280, Alignment: 0x1
.debug_pubtypes	0x13280	0x1eb	hexagon_Debug_dynamic_toolv83_v60/dsp_skel.o	#SHT_PROGBITS,,1
.debug_pubtypes	0x1346b	0xcf	hexagon_Debug_dynamic_toolv83_v60/dsp_imp.o	#SHT_PROGBITS,,1
.debug_pubtypes	0x1353a	0x28	hexagon_Debug_dynamic_toolv83_v60/fft.o	#SHT_PROGBITS,,1
.debug_pubtypes	0x13562	0x28	hexagon_Debug_dynamic_toolv83_v60/ifft.o	#SHT_PROGBITS,,1
.debug_pubtypes	0x1358a	0x48	hexagon_Debug_dynamic_toolv83_v60/fft_util.o	#SHT_PROGBITS,,1
.debug_pubtypes	0x135d2	0x7a	hexagon_Debug_dynamic_toolv83_v60/test_precision.o	#SHT_PROGBITS,,1
.debug_pubtypes	0x1364c	0x31	hexagon_Debug_dynamic_toolv83_v60/floatfft.o	#SHT_PROGBITS,,1
.debug_pubtypes	0x1367d	0x24	hexagon_Debug_dynamic_toolv83_v60/bkfir_c.o	#SHT_PROGBITS,,1
.debug_pubtypes	0x136a1	0x24	hexagon_Debug_dynamic_toolv83_v60/iir_cas_bq_c.o	#SHT_PROGBITS,,1

.comment	0x136c5	0x69 # Offset: 0x136c5, Alignment: 0x1
.comment	0x13703	0x2b	Linker Version	#SHT_PROGBITS,SHF_MERGE|SHF_STRINGS,1

.debug_frame	0x13730	0x354 # Offset: 0x13730, Alignment: 0x4
.debug_frame	0x13730	0x44	hexagon_Debug_dynamic_toolv83_v60/dsp_skel.o	#SHT_PROGBITS,,4
.debug_frame	0x13774	0x5c	hexagon_Debug_dynamic_toolv83_v60/dsp_imp.o	#SHT_PROGBITS,,4
.debug_frame	0x137d0	0x44	hexagon_Debug_dynamic_toolv83_v60/fft.o	#SHT_PROGBITS,,4
.debug_frame	0x13814	0x2c	hexagon_Debug_dynamic_toolv83_v60/ifft.o	#SHT_PROGBITS,,4
.debug_frame	0x13840	0x134	hexagon_Debug_dynamic_toolv83_v60/fft_util.o	#SHT_PROGBITS,,4
.debug_frame	0x13974	0x44	hexagon_Debug_dynamic_toolv83_v60/test_precision.o	#SHT_PROGBITS,,4
.debug_frame	0x139b8	0x74	hexagon_Debug_dynamic_toolv83_v60/floatfft.o	#SHT_PROGBITS,,4
.debug_frame	0x13a2c	0x2c	hexagon_Debug_dynamic_toolv83_v60/bkfir_c.o	#SHT_PROGBITS,,4
.debug_frame	0x13a58	0x2c	hexagon_Debug_dynamic_toolv83_v60/iir_cas_bq_c.o	#SHT_PROGBITS,,4

.debug_line	0x13a84	0x2b77 # Offset: 0x13a84, Alignment: 0x1
.debug_line	0x13a84	0x1d8	hexagon_Debug_dynamic_toolv83_v60/dsp_skel.o	#SHT_PROGBITS,,1
.debug_line	0x13c5c	0x652	hexagon_Debug_dynamic_toolv83_v60/dsp_imp.o	#SHT_PROGBITS,,1
.debug_line	0x142ae	0x946	hexagon_Debug_dynamic_toolv83_v60/fft.o	#SHT_PROGBITS,,1
.debug_line	0x14bf4	0x4c7	hexagon_Debug_dynamic_toolv83_v60/ifft.o	#SHT_PROGBITS,,1
.debug_line	0x150bb	0x4a8	hexagon_Debug_dynamic_toolv83_v60/fft_util.o	#SHT_PROGBITS,,1
.debug_line	0x15563	0x516	hexagon_Debug_dynamic_toolv83_v60/test_precision.o	#SHT_PROGBITS,,1
.debug_line	0x15a79	0x7a3	hexagon_Debug_dynamic_toolv83_v60/floatfft.o	#SHT_PROGBITS,,1
.debug_line	0x1621c	0xe2	hexagon_Debug_dynamic_toolv83_v60/bkfir_c.o	#SHT_PROGBITS,,1
.debug_line	0x162fe	0x140	hexagon_Debug_dynamic_toolv83_v60/iir_cas_bq_c.o	#SHT_PROGBITS,,1
.debug_line	0x1643e	0xe6	hexagon_Debug_dynamic_toolv83_v60/flt_iir_cas_bq.o	#SHT_PROGBITS,,1
.debug_line	0x16524	0xd7	hexagon_Debug_dynamic_toolv83_v60/flt_bkfir.o	#SHT_PROGBITS,,1

.shstrtab	0x165fb	0x130 # Offset: 0x165fb, Alignment: 0x1

.symtab	0x1672c	0x980 # Offset: 0x1672c, Alignment: 0x4

.strtab	0x170ac	0x6b0 # Offset: 0x170ac, Alignment: 0x1
