Archive member included to satisfy reference by file (symbol)

/home/flex/Qualcomm/Hexagon_SDK/3.4.3/tools/android-ndk-r14b/platforms/android-21/arch-arm64/usr/lib/libstdc++.a(new.o)
                              android_Debug_aarch64/BinarySemaphoreServer.o (operator new[](unsigned long))
/home/flex/Qualcomm/Hexagon_SDK/3.4.3/tools/android-ndk-r14b/platforms/android-21/arch-arm64/usr/lib/libstdc++.a(libc_logging.o)
                              /home/flex/Qualcomm/Hexagon_SDK/3.4.3/tools/android-ndk-r14b/platforms/android-21/arch-arm64/usr/lib/libstdc++.a(new.o) (__libc_fatal)

Discarded input sections

 .note.GNU-stack
                0x0000000000000000        0x0 /home/flex/Qualcomm/Hexagon_SDK/3.4.3/tools/android-ndk-r14b/platforms/android-21/arch-arm64/usr/lib/crtbegin_dynamic.o
 .note.GNU-stack
                0x0000000000000000        0x0 /home/flex/Qualcomm/Hexagon_SDK/3.4.3/tools/android-ndk-r14b/platforms/android-21/arch-arm64/usr/lib/crtbegin_dynamic.o
 .note.GNU-stack
                0x0000000000000000        0x0 /home/flex/Qualcomm/Hexagon_SDK/3.4.3/tools/android-ndk-r14b/platforms/android-21/arch-arm64/usr/lib/crtend_android.o
 .note.GNU-stack
                0x0000000000000000        0x0 /home/flex/Qualcomm/Hexagon_SDK/3.4.3/tools/android-ndk-r14b/platforms/android-21/arch-arm64/usr/lib/crtend_android.o
 .note.GNU-stack
                0x0000000000000000        0x0 android_Debug_aarch64/mixer.o
 .note.GNU-stack
                0x0000000000000000        0x0 android_Debug_aarch64/pcm.o
 .note.GNU-stack
                0x0000000000000000        0x0 android_Debug_aarch64/control_stub.o
 .note.GNU-stack
                0x0000000000000000        0x0 android_Debug_aarch64/audioRecordUtil.o
 .note.GNU-stack
                0x0000000000000000        0x0 android_Debug_aarch64/BinarySemaphoreClient.o
 .note.GNU-stack
                0x0000000000000000        0x0 android_Debug_aarch64/BinarySemaphoreServer.o
 .note.GNU-stack
                0x0000000000000000        0x0 android_Debug_aarch64/dspBufferUtil.o
 .note.GNU-stack
                0x0000000000000000        0x0 android_Debug_aarch64/fileSystemUtil.o
 .note.GNU-stack
                0x0000000000000000        0x0 android_Debug_aarch64/sharedMemAudio.o
 .note.GNU-stack
                0x0000000000000000        0x0 android_Debug_aarch64/pcmUtil.o
 .note.GNU-stack
                0x0000000000000000        0x0 android_Debug_aarch64/main.o
 .note.GNU-stack
                0x0000000000000000        0x0 /home/flex/Qualcomm/Hexagon_SDK/3.4.3/tools/android-ndk-r14b/platforms/android-21/arch-arm64/usr/lib/libstdc++.a(new.o)
 .note.GNU-stack
                0x0000000000000000        0x0 /home/flex/Qualcomm/Hexagon_SDK/3.4.3/tools/android-ndk-r14b/platforms/android-21/arch-arm64/usr/lib/libstdc++.a(libc_logging.o)

Memory Configuration

Name             Origin             Length             Attributes
*default*        0x0000000000000000 0xffffffffffffffff

Linker script and memory map

LOAD /home/flex/Qualcomm/Hexagon_SDK/3.4.3/tools/android-ndk-r14b/platforms/android-21/arch-arm64/usr/lib/crtbegin_dynamic.o
LOAD /home/flex/Qualcomm/Hexagon_SDK/3.4.3/tools/android-ndk-r14b/platforms/android-21/arch-arm64/usr/lib/crtend_android.o
LOAD /home/flex/Qualcomm/Hexagon_SDK/3.4.3/tools/android-ndk-r14b/platforms/android-21/arch-arm64/usr/lib/liblog.so
LOAD /home/flex/Qualcomm/Hexagon_SDK/3.4.3/tools/android-ndk-r14b/platforms/android-21/arch-arm64/usr/lib/libdl.so
START GROUP
LOAD android_Debug_aarch64/mixer.o
LOAD android_Debug_aarch64/pcm.o
LOAD android_Debug_aarch64/control_stub.o
LOAD android_Debug_aarch64/audioRecordUtil.o
LOAD android_Debug_aarch64/BinarySemaphoreClient.o
LOAD android_Debug_aarch64/BinarySemaphoreServer.o
LOAD android_Debug_aarch64/dspBufferUtil.o
LOAD android_Debug_aarch64/fileSystemUtil.o
LOAD android_Debug_aarch64/sharedMemAudio.o
LOAD android_Debug_aarch64/pcmUtil.o
LOAD android_Debug_aarch64/main.o
LOAD /home/flex/Qualcomm/Hexagon_SDK/3.4.3/libs/common/rpcmem/android_Debug_aarch64/rpcmem.a
LOAD /home/flex/Qualcomm/Hexagon_SDK/3.4.3/tools/android-ndk-r14b/platforms/android-21/arch-arm64/usr/lib/libstdc++.a
LOAD /home/flex/Qualcomm/Hexagon_SDK/3.4.3/libs/common/remote/ship/android_Debug_aarch64//libcdsprpc.so
END GROUP
LOAD /home/flex/Qualcomm/Hexagon_SDK/3.4.3/tools/android-ndk-r14b/platforms/android-21/arch-arm64/usr/lib/libm.so
LOAD /home/flex/Qualcomm/Hexagon_SDK/3.4.3/tools/android-ndk-r14b/platforms/android-21/arch-arm64/usr/lib/libc.so
                0x0000000000000000                PROVIDE (__executable_start, 0x0)
                0x0000000000000238                . = (0x0 + SIZEOF_HEADERS)

.interp         0x0000000000000238       0x15
 *(.interp)
 .interp        0x0000000000000238       0x15 /home/flex/Qualcomm/Hexagon_SDK/3.4.3/tools/android-ndk-r14b/platforms/android-21/arch-arm64/usr/lib/crtbegin_dynamic.o

.note.android.ident
                0x0000000000000250       0x98
 .note.android.ident
                0x0000000000000250       0x98 /home/flex/Qualcomm/Hexagon_SDK/3.4.3/tools/android-ndk-r14b/platforms/android-21/arch-arm64/usr/lib/crtbegin_dynamic.o

.note.gnu.build-id
 *(.note.gnu.build-id)

.hash           0x00000000000002e8      0x234
 *(.hash)
 .hash          0x00000000000002e8      0x234 /home/flex/Qualcomm/Hexagon_SDK/3.4.3/tools/android-ndk-r14b/platforms/android-21/arch-arm64/usr/lib/crtbegin_dynamic.o

.gnu.hash
 *(.gnu.hash)

.dynsym         0x0000000000000520      0x6c0
 *(.dynsym)
 .dynsym        0x0000000000000520      0x6c0 /home/flex/Qualcomm/Hexagon_SDK/3.4.3/tools/android-ndk-r14b/platforms/android-21/arch-arm64/usr/lib/crtbegin_dynamic.o

.dynstr         0x0000000000000be0      0x298
 *(.dynstr)
 .dynstr        0x0000000000000be0      0x298 /home/flex/Qualcomm/Hexagon_SDK/3.4.3/tools/android-ndk-r14b/platforms/android-21/arch-arm64/usr/lib/crtbegin_dynamic.o

.gnu.version    0x0000000000000e78       0x90
 *(.gnu.version)
 .gnu.version   0x0000000000000e78       0x90 /home/flex/Qualcomm/Hexagon_SDK/3.4.3/tools/android-ndk-r14b/platforms/android-21/arch-arm64/usr/lib/crtbegin_dynamic.o

.gnu.version_d  0x0000000000000f08        0x0
 *(.gnu.version_d)
 .gnu.version_d
                0x0000000000000f08        0x0 /home/flex/Qualcomm/Hexagon_SDK/3.4.3/tools/android-ndk-r14b/platforms/android-21/arch-arm64/usr/lib/crtbegin_dynamic.o

.gnu.version_r  0x0000000000000f08       0x40
 *(.gnu.version_r)
 .gnu.version_r
                0x0000000000000f08       0x40 /home/flex/Qualcomm/Hexagon_SDK/3.4.3/tools/android-ndk-r14b/platforms/android-21/arch-arm64/usr/lib/crtbegin_dynamic.o

.rela.dyn       0x0000000000000f48      0x630
 *(.rela.init)
 *(.rela.text .rela.text.* .rela.gnu.linkonce.t.*)
 *(.rela.fini)
 *(.rela.rodata .rela.rodata.* .rela.gnu.linkonce.r.*)
 *(.rela.data .rela.data.* .rela.gnu.linkonce.d.*)
 .rela.data.rel.ro.local
                0x0000000000000f48      0x5a0 /home/flex/Qualcomm/Hexagon_SDK/3.4.3/tools/android-ndk-r14b/platforms/android-21/arch-arm64/usr/lib/crtbegin_dynamic.o
 *(.rela.tdata .rela.tdata.* .rela.gnu.linkonce.td.*)
 *(.rela.tbss .rela.tbss.* .rela.gnu.linkonce.tb.*)
 *(.rela.ctors)
 *(.rela.dtors)
 *(.rela.got)
 .rela.got      0x00000000000014e8       0x90 /home/flex/Qualcomm/Hexagon_SDK/3.4.3/tools/android-ndk-r14b/platforms/android-21/arch-arm64/usr/lib/crtbegin_dynamic.o
 *(.rela.bss .rela.bss.* .rela.gnu.linkonce.b.*)
 *(.rela.ifunc)
 .rela.ifunc    0x0000000000001578        0x0 /home/flex/Qualcomm/Hexagon_SDK/3.4.3/tools/android-ndk-r14b/platforms/android-21/arch-arm64/usr/lib/crtbegin_dynamic.o

.rela.plt       0x0000000000001578      0x528
 *(.rela.plt)
 .rela.plt      0x0000000000001578      0x528 /home/flex/Qualcomm/Hexagon_SDK/3.4.3/tools/android-ndk-r14b/platforms/android-21/arch-arm64/usr/lib/crtbegin_dynamic.o
                0x0000000000001aa0                PROVIDE (__rela_iplt_start, .)
 *(.rela.iplt)
                0x0000000000001aa0                PROVIDE (__rela_iplt_end, .)

.init
 *(SORT(.init))

.plt            0x0000000000001aa0      0x390
 *(.plt)
 .plt           0x0000000000001aa0      0x390 /home/flex/Qualcomm/Hexagon_SDK/3.4.3/tools/android-ndk-r14b/platforms/android-21/arch-arm64/usr/lib/crtbegin_dynamic.o
 *(.iplt)

.text           0x0000000000001e30     0x7f70
 *(.text.unlikely .text.*_unlikely .text.unlikely.*)
 *(.text.exit .text.exit.*)
 *(.text.startup .text.startup.*)
 *(.text.hot .text.hot.*)
 *(.text .stub .text.* .gnu.linkonce.t.*)
 .text          0x0000000000001e30       0x78 /home/flex/Qualcomm/Hexagon_SDK/3.4.3/tools/android-ndk-r14b/platforms/android-21/arch-arm64/usr/lib/crtbegin_dynamic.o
                0x0000000000001e30                _start
                0x0000000000001e38                __atexit_handler_wrapper
                0x0000000000001e50                do_arm64_start
                0x0000000000001e90                atexit
 .text          0x0000000000001ea8        0x0 /home/flex/Qualcomm/Hexagon_SDK/3.4.3/tools/android-ndk-r14b/platforms/android-21/arch-arm64/usr/lib/crtend_android.o
 .text          0x0000000000001ea8     0x16a4 android_Debug_aarch64/mixer.o
                0x0000000000001ea8                mixer_close
                0x000000000000201c                mixer_open
                0x0000000000002414                mixer_get_name
                0x000000000000242c                mixer_get_num_ctls
                0x0000000000002458                mixer_get_ctl
                0x00000000000024b0                mixer_get_ctl_by_name
                0x0000000000002558                mixer_ctl_update
                0x0000000000002590                mixer_ctl_get_name
                0x00000000000025c0                mixer_ctl_get_type
                0x0000000000002648                mixer_ctl_get_type_string
                0x00000000000026f0                mixer_ctl_get_num_values
                0x0000000000002818                mixer_ctl_get_percent
                0x0000000000002884                mixer_ctl_set_percent
                0x00000000000028ec                mixer_ctl_get_value
                0x0000000000002a68                mixer_ctl_is_access_tlv_rw
                0x0000000000002a88                mixer_ctl_get_array
                0x0000000000002d7c                mixer_ctl_set_value
                0x0000000000002f54                mixer_ctl_set_array
                0x00000000000031f0                mixer_ctl_get_range_min
                0x0000000000003234                mixer_ctl_get_range_max
                0x0000000000003278                mixer_ctl_get_num_enums
                0x00000000000032a8                mixer_ctl_get_enum_string
                0x0000000000003314                mixer_ctl_set_enum_by_string
                0x000000000000344c                mixer_subscribe_events
                0x0000000000003490                mixer_wait_event
 .text          0x000000000000354c     0x31b8 android_Debug_aarch64/pcm.o
                0x0000000000003978                pcm_get_buffer_size
                0x0000000000003990                pcm_get_error
                0x00000000000039a8                pcm_get_subdevice
                0x0000000000003b4c                pcm_format_to_bits
                0x0000000000003b8c                pcm_bytes_to_frames
                0x0000000000003bd0                pcm_frames_to_bytes
                0x00000000000040a8                pcm_get_htimestamp
                0x0000000000004234                pcm_mmap_get_hw_ptr
                0x00000000000043e0                pcm_write
                0x000000000000458c                pcm_read
                0x00000000000046ec                pcm_params_get
                0x0000000000004830                pcm_params_free
                0x0000000000004910                pcm_params_get_mask
                0x0000000000004984                pcm_params_get_min
                0x00000000000049e8                pcm_params_set_min
                0x0000000000004a48                pcm_params_get_max
                0x0000000000004aac                pcm_params_set_max
                0x0000000000004dac                pcm_params_to_string
                0x00000000000051a0                pcm_params_format_test
                0x00000000000051fc                pcm_close
                0x00000000000052d8                pcm_open
                0x0000000000005b80                pcm_is_ready
                0x0000000000005ba4                pcm_prepare
                0x0000000000005c20                pcm_start
                0x0000000000005cbc                pcm_stop
                0x0000000000005e14                pcm_mmap_avail
                0x0000000000005ecc                pcm_mmap_begin
                0x0000000000005fbc                pcm_mmap_commit
                0x0000000000005ff4                pcm_avail_update
                0x0000000000006020                pcm_state
                0x0000000000006064                pcm_set_avail_min
                0x00000000000060a8                pcm_wait
                0x00000000000061a8                pcm_get_poll_fd
                0x00000000000061c0                pcm_mmap_transfer
                0x0000000000006504                pcm_mmap_write
                0x0000000000006564                pcm_mmap_read
                0x00000000000065bc                pcm_ioctl
 .text          0x0000000000006704      0x5bc android_Debug_aarch64/control_stub.o
                0x0000000000006798                _control_atomic_CompareAndExchange
                0x00000000000067d8                _control_handle
                0x0000000000006878                control_skel_invoke
                0x00000000000069bc                control_sum
                0x0000000000006b20                control_static_sum
                0x0000000000006c88                control_iostream_sum
 .text          0x0000000000006cc0      0x530 android_Debug_aarch64/audioRecordUtil.o
                0x0000000000006cc0                createAudioRecord(char const*, char const*, char const*, unsigned long, unsigned long, RecordingMode, unsigned long, unsigned long)
                0x0000000000006dac                setAudioRecordControlFileName(audioRecordHandle_t*, char const*)
                0x0000000000006dd4                enableRecording(audioRecordHandle_t*, bool)
                0x0000000000006df4                setAudioRecordPrefixName(audioRecordHandle_t*, char const*)
                0x0000000000006e20                setAudioRecordDirectory(audioRecordHandle_t*, char const*)
                0x0000000000006e4c                getFileNextSeqNumber(audioRecordHandle_t*)
                0x0000000000006f20                setRecordingMode(audioRecordHandle_t*, RecordingMode)
                0x0000000000006f40                recordAudio(audioRecordHandle_t*, int**)
 .text          0x00000000000071f0      0x1cc android_Debug_aarch64/BinarySemaphoreClient.o
                0x00000000000071f0                BinarySemaphoreClient::open()
                0x0000000000007234                BinarySemaphoreClient::tryToOpenUntilSuccess()
                0x00000000000072b0                BinarySemaphoreClient::setVal(unsigned short, unsigned short)
                0x00000000000072e4                BinarySemaphoreClient::lock(unsigned short)
                0x000000000000734c                BinarySemaphoreClient::unlock(unsigned short)
                0x0000000000007394                BinarySemaphoreClient::close()
                0x00000000000073a4                BinarySemaphoreClient::semaphoreID() const
 .text          0x00000000000073bc      0x334 android_Debug_aarch64/BinarySemaphoreServer.o
                0x00000000000073bc                BinarySemaphoreServer::create(unsigned short)
                0x00000000000074f4                BinarySemaphoreServer::lockAll()
                0x00000000000075a4                BinarySemaphoreServer::unlockAll()
                0x0000000000007658                BinarySemaphoreServer::destroy()
                0x00000000000076c0                BinarySemaphoreServer::numOfSemaphores() const
                0x00000000000076d8                BinarySemaphoreServer::semaphoreID() const
 .text          0x00000000000076f0      0x1dc android_Debug_aarch64/dspBufferUtil.o
                0x00000000000076f0                dspClearFloatBuffer(float*, unsigned long)
                0x0000000000007744                dspClearComplexBuffer(floatcomplex *, unsigned long)
                0x00000000000077cc                dspCopyFloatBuffer(float*, float const*, unsigned long)
                0x0000000000007830                dspCopyComplexBuffer(floatcomplex *, floatcomplex  const*, unsigned long)
 .text          0x00000000000078cc       0x8c android_Debug_aarch64/fileSystemUtil.o
                0x00000000000078cc                getFilesystemUsage()
 .text          0x0000000000007958       0x20 android_Debug_aarch64/sharedMemAudio.o
                0x0000000000007958                createSharedMemAudio()
                0x0000000000007968                getSharedMemAudio()
 .text          0x0000000000007978      0x5ec android_Debug_aarch64/pcmUtil.o
                0x0000000000007978                check_param(pcm_params*, unsigned int, unsigned int, char*, char const*)
                0x0000000000007a50                sample_is_playable(unsigned int, unsigned int, unsigned int, unsigned int, unsigned int, unsigned int, unsigned int)
                0x0000000000007bb4                openOutputAudio(unsigned int, unsigned int, int, unsigned int)
                0x0000000000007d28                openInputAudio(unsigned int, unsigned int, int, unsigned int)
                0x0000000000007e60                splitSamples(int*, int**)
 .text          0x0000000000007f64       0x60 android_Debug_aarch64/main.o
                0x0000000000007f64                main
 .text          0x0000000000007fc4        0x0 /home/flex/Qualcomm/Hexagon_SDK/3.4.3/tools/android-ndk-r14b/platforms/android-21/arch-arm64/usr/lib/libstdc++.a(new.o)
 .text._Znwm    0x0000000000007fc4       0x34 /home/flex/Qualcomm/Hexagon_SDK/3.4.3/tools/android-ndk-r14b/platforms/android-21/arch-arm64/usr/lib/libstdc++.a(new.o)
                0x0000000000007fc4                operator new(unsigned long)
 .text._Znam    0x0000000000007ff8       0x34 /home/flex/Qualcomm/Hexagon_SDK/3.4.3/tools/android-ndk-r14b/platforms/android-21/arch-arm64/usr/lib/libstdc++.a(new.o)
                0x0000000000007ff8                operator new[](unsigned long)
 .text._ZdlPv   0x000000000000802c        0x4 /home/flex/Qualcomm/Hexagon_SDK/3.4.3/tools/android-ndk-r14b/platforms/android-21/arch-arm64/usr/lib/libstdc++.a(new.o)
                0x000000000000802c                operator delete(void*)
 .text._ZdaPv   0x0000000000008030        0x4 /home/flex/Qualcomm/Hexagon_SDK/3.4.3/tools/android-ndk-r14b/platforms/android-21/arch-arm64/usr/lib/libstdc++.a(new.o)
                0x0000000000008030                operator delete[](void*)
 .text._ZnwmRKSt9nothrow_t
                0x0000000000008034        0x4 /home/flex/Qualcomm/Hexagon_SDK/3.4.3/tools/android-ndk-r14b/platforms/android-21/arch-arm64/usr/lib/libstdc++.a(new.o)
                0x0000000000008034                operator new(unsigned long, std::nothrow_t const&)
 .text._ZnamRKSt9nothrow_t
                0x0000000000008038        0x4 /home/flex/Qualcomm/Hexagon_SDK/3.4.3/tools/android-ndk-r14b/platforms/android-21/arch-arm64/usr/lib/libstdc++.a(new.o)
                0x0000000000008038                operator new[](unsigned long, std::nothrow_t const&)
 .text._ZdlPvRKSt9nothrow_t
                0x000000000000803c        0x4 /home/flex/Qualcomm/Hexagon_SDK/3.4.3/tools/android-ndk-r14b/platforms/android-21/arch-arm64/usr/lib/libstdc++.a(new.o)
                0x000000000000803c                operator delete(void*, std::nothrow_t const&)
 .text._ZdaPvRKSt9nothrow_t
                0x0000000000008040        0x4 /home/flex/Qualcomm/Hexagon_SDK/3.4.3/tools/android-ndk-r14b/platforms/android-21/arch-arm64/usr/lib/libstdc++.a(new.o)
                0x0000000000008040                operator delete[](void*, std::nothrow_t const&)
 .text          0x0000000000008044        0x0 /home/flex/Qualcomm/Hexagon_SDK/3.4.3/tools/android-ndk-r14b/platforms/android-21/arch-arm64/usr/lib/libstdc++.a(libc_logging.o)
 .text._ZL14format_integerPcmmc
                0x0000000000008044      0x134 /home/flex/Qualcomm/Hexagon_SDK/3.4.3/tools/android-ndk-r14b/platforms/android-21/arch-arm64/usr/lib/libstdc++.a(libc_logging.o)
 .text._ZL22__libc_open_log_socketv
                0x0000000000008178      0x130 /home/flex/Qualcomm/Hexagon_SDK/3.4.3/tools/android-ndk-r14b/platforms/android-21/arch-arm64/usr/lib/libstdc++.a(libc_logging.o)
 .text._ZL16__libc_write_logiPKcS0_
                0x00000000000082a8      0x1ec /home/flex/Qualcomm/Hexagon_SDK/3.4.3/tools/android-ndk-r14b/platforms/android-21/arch-arm64/usr/lib/libstdc++.a(libc_logging.o)
 .text._ZL24__libc_android_log_eventicPKvm.constprop.0
                0x0000000000008494      0x100 /home/flex/Qualcomm/Hexagon_SDK/3.4.3/tools/android-ndk-r14b/platforms/android-21/arch-arm64/usr/lib/libstdc++.a(libc_logging.o)
 .text._Z10SendRepeatI18BufferOutputStreamEvRT_ci
                0x0000000000008594       0xf4 /home/flex/Qualcomm/Hexagon_SDK/3.4.3/tools/android-ndk-r14b/platforms/android-21/arch-arm64/usr/lib/libstdc++.a(libc_logging.o)
 .text._Z11out_vformatI18BufferOutputStreamEvRT_PKcSt9__va_list
                0x0000000000008688      0x8c0 /home/flex/Qualcomm/Hexagon_SDK/3.4.3/tools/android-ndk-r14b/platforms/android-21/arch-arm64/usr/lib/libstdc++.a(libc_logging.o)
 .text._Z10SendRepeatI14FdOutputStreamEvRT_ci
                0x0000000000008f48      0x108 /home/flex/Qualcomm/Hexagon_SDK/3.4.3/tools/android-ndk-r14b/platforms/android-21/arch-arm64/usr/lib/libstdc++.a(libc_logging.o)
 .text.__libc_format_buffer
                0x0000000000009050       0xac /home/flex/Qualcomm/Hexagon_SDK/3.4.3/tools/android-ndk-r14b/platforms/android-21/arch-arm64/usr/lib/libstdc++.a(libc_logging.o)
                0x0000000000009050                __libc_format_buffer
 .text.__libc_format_fd
                0x00000000000090fc      0x83c /home/flex/Qualcomm/Hexagon_SDK/3.4.3/tools/android-ndk-r14b/platforms/android-21/arch-arm64/usr/lib/libstdc++.a(libc_logging.o)
                0x00000000000090fc                __libc_format_fd
 .text.__libc_format_log_va_list
                0x0000000000009938       0xa8 /home/flex/Qualcomm/Hexagon_SDK/3.4.3/tools/android-ndk-r14b/platforms/android-21/arch-arm64/usr/lib/libstdc++.a(libc_logging.o)
                0x0000000000009938                __libc_format_log_va_list
 .text.__libc_format_log
                0x00000000000099e0       0x80 /home/flex/Qualcomm/Hexagon_SDK/3.4.3/tools/android-ndk-r14b/platforms/android-21/arch-arm64/usr/lib/libstdc++.a(libc_logging.o)
                0x00000000000099e0                __libc_format_log
 .text.__libc_android_log_event_int
                0x0000000000009a60       0x20 /home/flex/Qualcomm/Hexagon_SDK/3.4.3/tools/android-ndk-r14b/platforms/android-21/arch-arm64/usr/lib/libstdc++.a(libc_logging.o)
                0x0000000000009a60                __libc_android_log_event_int
 .text.__libc_android_log_event_uid
                0x0000000000009a80       0x30 /home/flex/Qualcomm/Hexagon_SDK/3.4.3/tools/android-ndk-r14b/platforms/android-21/arch-arm64/usr/lib/libstdc++.a(libc_logging.o)
                0x0000000000009a80                __libc_android_log_event_uid
 .text.android_set_abort_message
                0x0000000000009ab0       0xc8 /home/flex/Qualcomm/Hexagon_SDK/3.4.3/tools/android-ndk-r14b/platforms/android-21/arch-arm64/usr/lib/libstdc++.a(libc_logging.o)
                0x0000000000009ab0                android_set_abort_message
 .text._ZL12__libc_fatalPKcSt9__va_list
                0x0000000000009b78       0xec /home/flex/Qualcomm/Hexagon_SDK/3.4.3/tools/android-ndk-r14b/platforms/android-21/arch-arm64/usr/lib/libstdc++.a(libc_logging.o)
 .text.__libc_fatal_no_abort
                0x0000000000009c64       0x88 /home/flex/Qualcomm/Hexagon_SDK/3.4.3/tools/android-ndk-r14b/platforms/android-21/arch-arm64/usr/lib/libstdc++.a(libc_logging.o)
                0x0000000000009c64                __libc_fatal_no_abort
 .text.__libc_fatal
                0x0000000000009cec       0x84 /home/flex/Qualcomm/Hexagon_SDK/3.4.3/tools/android-ndk-r14b/platforms/android-21/arch-arm64/usr/lib/libstdc++.a(libc_logging.o)
                0x0000000000009cec                __libc_fatal
 .text.__fortify_chk_fail
                0x0000000000009d70       0x30 /home/flex/Qualcomm/Hexagon_SDK/3.4.3/tools/android-ndk-r14b/platforms/android-21/arch-arm64/usr/lib/libstdc++.a(libc_logging.o)
                0x0000000000009d70                __fortify_chk_fail
 *(.gnu.warning)

.fini
 *(SORT(.fini))
                0x0000000000009da0                PROVIDE (__etext, .)
                0x0000000000009da0                PROVIDE (_etext, .)
                0x0000000000009da0                PROVIDE (etext, .)

.rodata         0x0000000000009da0      0xca0
 *(.rodata .rodata.* .gnu.linkonce.r.*)
 .rodata        0x0000000000009da0       0xd0 android_Debug_aarch64/mixer.o
 .rodata        0x0000000000009e70      0x6d0 android_Debug_aarch64/pcm.o
 .rodata        0x000000000000a540       0x80 android_Debug_aarch64/control_stub.o
 .rodata        0x000000000000a5c0       0x30 android_Debug_aarch64/audioRecordUtil.o
 .rodata        0x000000000000a5f0       0x30 android_Debug_aarch64/BinarySemaphoreClient.o
 .rodata        0x000000000000a620       0xa8 android_Debug_aarch64/BinarySemaphoreServer.o
 .rodata        0x000000000000a6c8        0x8 android_Debug_aarch64/dspBufferUtil.o
 .rodata        0x000000000000a6d0       0x80 android_Debug_aarch64/fileSystemUtil.o
 .rodata        0x000000000000a750      0x150 android_Debug_aarch64/pcmUtil.o
 .rodata        0x000000000000a8a0        0x8 android_Debug_aarch64/main.o
 .rodata.str1.8
                0x000000000000a8a8       0x4b /home/flex/Qualcomm/Hexagon_SDK/3.4.3/tools/android-ndk-r14b/platforms/android-21/arch-arm64/usr/lib/libstdc++.a(new.o)
                                         0x50 (size before relaxing)
 *fill*         0x000000000000a8f3        0x5 
 .rodata._ZSt7nothrow
                0x000000000000a8f8        0x8 /home/flex/Qualcomm/Hexagon_SDK/3.4.3/tools/android-ndk-r14b/platforms/android-21/arch-arm64/usr/lib/libstdc++.a(new.o)
                0x000000000000a8f8                std::nothrow
 .rodata._Z11out_vformatI18BufferOutputStreamEvRT_PKcSt9__va_list
                0x000000000000a900       0x38 /home/flex/Qualcomm/Hexagon_SDK/3.4.3/tools/android-ndk-r14b/platforms/android-21/arch-arm64/usr/lib/libstdc++.a(libc_logging.o)
 .rodata.__libc_format_fd
                0x000000000000a938       0x24 /home/flex/Qualcomm/Hexagon_SDK/3.4.3/tools/android-ndk-r14b/platforms/android-21/arch-arm64/usr/lib/libstdc++.a(libc_logging.o)
 *fill*         0x000000000000a95c        0x4 
 .rodata.str1.8
                0x000000000000a960       0xe0 /home/flex/Qualcomm/Hexagon_SDK/3.4.3/tools/android-ndk-r14b/platforms/android-21/arch-arm64/usr/lib/libstdc++.a(libc_logging.o)

.rodata1
 *(.rodata1)

.eh_frame_hdr   0x000000000000aa40      0x1ec
 *(.eh_frame_hdr)
 .eh_frame_hdr  0x000000000000aa40      0x1ec android_Debug_aarch64/audioRecordUtil.o

.eh_frame       0x000000000000ac30      0x9b0
 *(.eh_frame)
 .eh_frame      0x000000000000ac30      0x138 android_Debug_aarch64/audioRecordUtil.o
                                        0x120 (size before relaxing)
 .eh_frame      0x000000000000ad68       0xd8 android_Debug_aarch64/BinarySemaphoreClient.o
                                         0xe0 (size before relaxing)
 .eh_frame      0x000000000000ae40       0xd0 android_Debug_aarch64/BinarySemaphoreServer.o
                                         0xd8 (size before relaxing)
 .eh_frame      0x000000000000af10       0x60 android_Debug_aarch64/dspBufferUtil.o
                                         0x78 (size before relaxing)
 .eh_frame      0x000000000000af70       0x28 android_Debug_aarch64/fileSystemUtil.o
                                         0x38 (size before relaxing)
 .eh_frame      0x000000000000af98       0x30 android_Debug_aarch64/sharedMemAudio.o
                                         0x40 (size before relaxing)
 .eh_frame      0x000000000000afc8       0xb8 android_Debug_aarch64/pcmUtil.o
                                         0xc0 (size before relaxing)
 .eh_frame      0x000000000000b080       0x28 android_Debug_aarch64/main.o
                                         0x38 (size before relaxing)
 .eh_frame      0x000000000000b0a8      0x108 /home/flex/Qualcomm/Hexagon_SDK/3.4.3/tools/android-ndk-r14b/platforms/android-21/arch-arm64/usr/lib/libstdc++.a(new.o)
                                         0xe8 (size before relaxing)
 .eh_frame      0x000000000000b1b0      0x430 /home/flex/Qualcomm/Hexagon_SDK/3.4.3/tools/android-ndk-r14b/platforms/android-21/arch-arm64/usr/lib/libstdc++.a(libc_logging.o)
                                        0x418 (size before relaxing)

.gcc_except_table
 *(.gcc_except_table .gcc_except_table.*)

.exception_ranges
 *(.exception_ranges .exception_ranges*)
                0x000000000000b5e0                . = (ALIGN (0x10000) - ((0x10000 - .) & 0xffff))
                0x000000000001b8b8                . = DATA_SEGMENT_ALIGN (0x10000, 0x1000)

.eh_frame
 *(.eh_frame)

.gcc_except_table
 *(.gcc_except_table .gcc_except_table.*)

.exception_ranges
 *(.exception_ranges .exception_ranges*)

.tdata
 *(.tdata .tdata.* .gnu.linkonce.td.*)

.tbss
 *(.tbss .tbss.* .gnu.linkonce.tb.*)
 *(.tcommon)
                0x000000000001b8b8                . = ALIGN (0x8)
                0x000000000001b8b8                PROVIDE (__preinit_array_start, .)

.preinit_array  0x000000000001b8b8       0x10
 *(.preinit_array)
 .preinit_array
                0x000000000001b8b8        0x8 /home/flex/Qualcomm/Hexagon_SDK/3.4.3/tools/android-ndk-r14b/platforms/android-21/arch-arm64/usr/lib/crtbegin_dynamic.o
                0x000000000001b8b8                __PREINIT_ARRAY__
 .preinit_array
                0x000000000001b8c0        0x8 /home/flex/Qualcomm/Hexagon_SDK/3.4.3/tools/android-ndk-r14b/platforms/android-21/arch-arm64/usr/lib/crtend_android.o
                0x000000000001b8c8                PROVIDE (__preinit_array_end, .)
                0x000000000001b8c8                PROVIDE (__init_array_start, .)

.init_array     0x000000000001b8c8       0x10
 *crtbegin*.o(.init_array)
 .init_array    0x000000000001b8c8        0x8 /home/flex/Qualcomm/Hexagon_SDK/3.4.3/tools/android-ndk-r14b/platforms/android-21/arch-arm64/usr/lib/crtbegin_dynamic.o
                0x000000000001b8c8                __INIT_ARRAY__
 *(SORT(.init_array.*) SORT(.ctors.*))
 *(.init_array EXCLUDE_FILE(*crtend*.o *crtend.o *crtbegin*.o *crtbegin.o) .ctors)
 .init_array    0x000000000001b8d0        0x8 /home/flex/Qualcomm/Hexagon_SDK/3.4.3/tools/android-ndk-r14b/platforms/android-21/arch-arm64/usr/lib/crtend_android.o
                0x000000000001b8d8                PROVIDE (__init_array_end, .)
                0x000000000001b8d8                PROVIDE (__fini_array_start, .)

.fini_array     0x000000000001b8d8       0x10
 *crtbegin*.o(.fini_array)
 .fini_array    0x000000000001b8d8        0x8 /home/flex/Qualcomm/Hexagon_SDK/3.4.3/tools/android-ndk-r14b/platforms/android-21/arch-arm64/usr/lib/crtbegin_dynamic.o
                0x000000000001b8d8                __FINI_ARRAY__
 *(SORT(.fini_array.*) SORT(.dtors.*))
 *(.fini_array EXCLUDE_FILE(*crtend*.o *crtend.o *crtbegin*.o *crtbegin.o) .dtors)
 .fini_array    0x000000000001b8e0        0x8 /home/flex/Qualcomm/Hexagon_SDK/3.4.3/tools/android-ndk-r14b/platforms/android-21/arch-arm64/usr/lib/crtend_android.o
                0x000000000001b8e8                PROVIDE (__fini_array_end, .)

.ctors
 *crtbegin.o(.ctors)
 *crtbegin*.o(.ctors)
 *(EXCLUDE_FILE(*crtend*.o *crtend.o) .ctors)
 *(SORT(.ctors.*))
 *(.ctors)

.dtors
 *crtbegin.o(.dtors)
 *crtbegin*.o(.dtors)
 *(EXCLUDE_FILE(*crtend*.o *crtend.o) .dtors)
 *(SORT(.dtors.*))
 *(.dtors)

.jcr
 *(.jcr)

.data.rel.ro    0x000000000001b8e8      0x2e0
 *(.data.rel.ro.local* .gnu.linkonce.d.rel.ro.local.*)
 .data.rel.ro.local
                0x000000000001b8e8      0x190 android_Debug_aarch64/pcm.o
 .data.rel.ro.local
                0x000000000001ba78      0x150 android_Debug_aarch64/control_stub.o
                0x000000000001bb90                control_slim
 *(.data.rel.ro .data.rel.ro.* .gnu.linkonce.d.rel.ro.*)

.dynamic        0x000000000001bbc8      0x230
 *(.dynamic)
 .dynamic       0x000000000001bbc8      0x230 /home/flex/Qualcomm/Hexagon_SDK/3.4.3/tools/android-ndk-r14b/platforms/android-21/arch-arm64/usr/lib/crtbegin_dynamic.o
                0x000000000001bbc8                _DYNAMIC

.got            0x000000000001bdf8      0x208
 *(.got.plt)
 .got.plt       0x000000000001bdf8      0x1d0 /home/flex/Qualcomm/Hexagon_SDK/3.4.3/tools/android-ndk-r14b/platforms/android-21/arch-arm64/usr/lib/crtbegin_dynamic.o
 *(.igot.plt)
 *(.got)
 .got           0x000000000001bfc8       0x38 /home/flex/Qualcomm/Hexagon_SDK/3.4.3/tools/android-ndk-r14b/platforms/android-21/arch-arm64/usr/lib/crtbegin_dynamic.o
                0x000000000001bfc8                _GLOBAL_OFFSET_TABLE_
 *(.igot)
                0x000000000001c000                . = DATA_SEGMENT_RELRO_END (., 0x0)

.data           0x000000000001c000      0x100
                0x000000000001c000                PROVIDE (__data_start, .)
 *(.data .data.* .gnu.linkonce.d.*)
 .data          0x000000000001c000        0x8 /home/flex/Qualcomm/Hexagon_SDK/3.4.3/tools/android-ndk-r14b/platforms/android-21/arch-arm64/usr/lib/crtbegin_dynamic.o
                0x000000000001c000                __dso_handle
 .data          0x000000000001c008        0x0 /home/flex/Qualcomm/Hexagon_SDK/3.4.3/tools/android-ndk-r14b/platforms/android-21/arch-arm64/usr/lib/crtend_android.o
 .data          0x000000000001c008        0x0 android_Debug_aarch64/mixer.o
 .data          0x000000000001c008       0xf0 android_Debug_aarch64/pcm.o
 .data          0x000000000001c0f8        0x4 android_Debug_aarch64/control_stub.o
 .data          0x000000000001c0fc        0x0 android_Debug_aarch64/audioRecordUtil.o
 .data          0x000000000001c0fc        0x0 android_Debug_aarch64/BinarySemaphoreClient.o
 .data          0x000000000001c0fc        0x0 android_Debug_aarch64/BinarySemaphoreServer.o
 .data          0x000000000001c0fc        0x0 android_Debug_aarch64/dspBufferUtil.o
 .data          0x000000000001c0fc        0x0 android_Debug_aarch64/fileSystemUtil.o
 .data          0x000000000001c0fc        0x0 android_Debug_aarch64/sharedMemAudio.o
 .data          0x000000000001c0fc        0x4 android_Debug_aarch64/pcmUtil.o
 .data          0x000000000001c100        0x0 android_Debug_aarch64/main.o
 .data          0x000000000001c100        0x0 /home/flex/Qualcomm/Hexagon_SDK/3.4.3/tools/android-ndk-r14b/platforms/android-21/arch-arm64/usr/lib/libstdc++.a(new.o)
 .data          0x000000000001c100        0x0 /home/flex/Qualcomm/Hexagon_SDK/3.4.3/tools/android-ndk-r14b/platforms/android-21/arch-arm64/usr/lib/libstdc++.a(libc_logging.o)

.data1
 *(.data1)
                0x000000000001c100                _edata = .
                0x000000000001c100                PROVIDE (edata, .)
                0x000000000001c100                __bss_start = .
                0x000000000001c100                __bss_start__ = .

.bss            0x000000000001c100       0x40
 *(.dynbss)
 .dynbss        0x000000000001c100        0x0 /home/flex/Qualcomm/Hexagon_SDK/3.4.3/tools/android-ndk-r14b/platforms/android-21/arch-arm64/usr/lib/crtbegin_dynamic.o
 *(.bss .bss.* .gnu.linkonce.b.*)
 .bss           0x000000000001c100        0x0 /home/flex/Qualcomm/Hexagon_SDK/3.4.3/tools/android-ndk-r14b/platforms/android-21/arch-arm64/usr/lib/crtbegin_dynamic.o
 .bss           0x000000000001c100        0x0 /home/flex/Qualcomm/Hexagon_SDK/3.4.3/tools/android-ndk-r14b/platforms/android-21/arch-arm64/usr/lib/crtend_android.o
 .bss           0x000000000001c100        0x0 android_Debug_aarch64/mixer.o
 .bss           0x000000000001c100        0x0 android_Debug_aarch64/pcm.o
 .bss           0x000000000001c100        0x0 android_Debug_aarch64/control_stub.o
 .bss           0x000000000001c100        0x0 android_Debug_aarch64/audioRecordUtil.o
 .bss           0x000000000001c100        0x0 android_Debug_aarch64/BinarySemaphoreClient.o
 .bss           0x000000000001c100        0x0 android_Debug_aarch64/BinarySemaphoreServer.o
 .bss           0x000000000001c100        0x0 android_Debug_aarch64/dspBufferUtil.o
 .bss           0x000000000001c100        0x0 android_Debug_aarch64/fileSystemUtil.o
 .bss           0x000000000001c100       0x10 android_Debug_aarch64/sharedMemAudio.o
 .bss           0x000000000001c110        0x0 android_Debug_aarch64/pcmUtil.o
 .bss           0x000000000001c110        0x0 android_Debug_aarch64/main.o
 .bss           0x000000000001c110        0x0 /home/flex/Qualcomm/Hexagon_SDK/3.4.3/tools/android-ndk-r14b/platforms/android-21/arch-arm64/usr/lib/libstdc++.a(new.o)
 .bss           0x000000000001c110        0x0 /home/flex/Qualcomm/Hexagon_SDK/3.4.3/tools/android-ndk-r14b/platforms/android-21/arch-arm64/usr/lib/libstdc++.a(libc_logging.o)
 .bss._ZL16g_abort_msg_lock
                0x000000000001c110       0x28 /home/flex/Qualcomm/Hexagon_SDK/3.4.3/tools/android-ndk-r14b/platforms/android-21/arch-arm64/usr/lib/libstdc++.a(libc_logging.o)
 .bss.__abort_message_ptr
                0x000000000001c138        0x8 /home/flex/Qualcomm/Hexagon_SDK/3.4.3/tools/android-ndk-r14b/platforms/android-21/arch-arm64/usr/lib/libstdc++.a(libc_logging.o)
                0x000000000001c138                __abort_message_ptr
 *(COMMON)
                0x000000000001c140                . = ALIGN (0x8)
                0x000000000001c140                _bss_end__ = .
                0x000000000001c140                __bss_end__ = .
                0x000000000001c140                . = ALIGN (0x8)
                0x000000000001c140                . = SEGMENT_START ("ldata-segment", .)
                0x000000000001c140                . = ALIGN (0x8)
                0x000000000001c140                __end__ = .
                0x000000000001c140                _end = .
                0x000000000001c140                _bss_end__ = .
                0x000000000001c140                __bss_end__ = .
                0x000000000001c140                __end__ = .
                0x000000000001c140                PROVIDE (end, .)
                0x000000000001c140                . = DATA_SEGMENT_END (.)

.stab
 *(.stab)

.stabstr
 *(.stabstr)

.stab.excl
 *(.stab.excl)

.stab.exclstr
 *(.stab.exclstr)

.stab.index
 *(.stab.index)

.stab.indexstr
 *(.stab.indexstr)

.comment        0x0000000000000000       0x4c
 *(.comment)
 .comment       0x0000000000000000       0x27 /home/flex/Qualcomm/Hexagon_SDK/3.4.3/tools/android-ndk-r14b/platforms/android-21/arch-arm64/usr/lib/crtbegin_dynamic.o
                                         0x28 (size before relaxing)
 .comment       0x0000000000000027       0x28 android_Debug_aarch64/mixer.o
 .comment       0x0000000000000027       0x28 android_Debug_aarch64/pcm.o
 .comment       0x0000000000000027       0x28 android_Debug_aarch64/control_stub.o
 .comment       0x0000000000000027       0x28 android_Debug_aarch64/audioRecordUtil.o
 .comment       0x0000000000000027       0x28 android_Debug_aarch64/BinarySemaphoreClient.o
 .comment       0x0000000000000027       0x28 android_Debug_aarch64/BinarySemaphoreServer.o
 .comment       0x0000000000000027       0x28 android_Debug_aarch64/dspBufferUtil.o
 .comment       0x0000000000000027       0x28 android_Debug_aarch64/fileSystemUtil.o
 .comment       0x0000000000000027       0x28 android_Debug_aarch64/sharedMemAudio.o
 .comment       0x0000000000000027       0x28 android_Debug_aarch64/pcmUtil.o
 .comment       0x0000000000000027       0x28 android_Debug_aarch64/main.o
 .comment       0x0000000000000027       0x25 /home/flex/Qualcomm/Hexagon_SDK/3.4.3/tools/android-ndk-r14b/platforms/android-21/arch-arm64/usr/lib/libstdc++.a(new.o)
                                         0x26 (size before relaxing)
 .comment       0x000000000000004c       0x26 /home/flex/Qualcomm/Hexagon_SDK/3.4.3/tools/android-ndk-r14b/platforms/android-21/arch-arm64/usr/lib/libstdc++.a(libc_logging.o)

.debug
 *(.debug)

.line
 *(.line)

.debug_srcinfo
 *(.debug_srcinfo)

.debug_sfnames
 *(.debug_sfnames)

.debug_aranges  0x0000000000000000      0x3f0
 *(.debug_aranges)
 .debug_aranges
                0x0000000000000000       0x30 android_Debug_aarch64/mixer.o
 .debug_aranges
                0x0000000000000030       0x30 android_Debug_aarch64/pcm.o
 .debug_aranges
                0x0000000000000060       0x30 android_Debug_aarch64/control_stub.o
 .debug_aranges
                0x0000000000000090       0x30 android_Debug_aarch64/audioRecordUtil.o
 .debug_aranges
                0x00000000000000c0       0x30 android_Debug_aarch64/BinarySemaphoreClient.o
 .debug_aranges
                0x00000000000000f0       0x30 android_Debug_aarch64/BinarySemaphoreServer.o
 .debug_aranges
                0x0000000000000120       0x30 android_Debug_aarch64/dspBufferUtil.o
 .debug_aranges
                0x0000000000000150       0x30 android_Debug_aarch64/fileSystemUtil.o
 .debug_aranges
                0x0000000000000180       0x30 android_Debug_aarch64/sharedMemAudio.o
 .debug_aranges
                0x00000000000001b0       0x30 android_Debug_aarch64/pcmUtil.o
 .debug_aranges
                0x00000000000001e0       0x30 android_Debug_aarch64/main.o
 .debug_aranges
                0x0000000000000210       0xa0 /home/flex/Qualcomm/Hexagon_SDK/3.4.3/tools/android-ndk-r14b/platforms/android-21/arch-arm64/usr/lib/libstdc++.a(new.o)
 .debug_aranges
                0x00000000000002b0      0x140 /home/flex/Qualcomm/Hexagon_SDK/3.4.3/tools/android-ndk-r14b/platforms/android-21/arch-arm64/usr/lib/libstdc++.a(libc_logging.o)

.debug_pubnames
 *(.debug_pubnames)

.debug_info     0x0000000000000000     0xdc86
 *(.debug_info .gnu.linkonce.wi.*)
 .debug_info    0x0000000000000000     0x10a5 android_Debug_aarch64/mixer.o
 .debug_info    0x00000000000010a5     0x2338 android_Debug_aarch64/pcm.o
 .debug_info    0x00000000000033dd     0x104a android_Debug_aarch64/control_stub.o
 .debug_info    0x0000000000004427      0xb06 android_Debug_aarch64/audioRecordUtil.o
 .debug_info    0x0000000000004f2d     0x166e android_Debug_aarch64/BinarySemaphoreClient.o
 .debug_info    0x000000000000659b     0x159e android_Debug_aarch64/BinarySemaphoreServer.o
 .debug_info    0x0000000000007b39      0x260 android_Debug_aarch64/dspBufferUtil.o
 .debug_info    0x0000000000007d99      0x659 android_Debug_aarch64/fileSystemUtil.o
 .debug_info    0x00000000000083f2      0x7ce android_Debug_aarch64/sharedMemAudio.o
 .debug_info    0x0000000000008bc0      0x733 android_Debug_aarch64/pcmUtil.o
 .debug_info    0x00000000000092f3     0x16cc android_Debug_aarch64/main.o
 .debug_info    0x000000000000a9bf      0x400 /home/flex/Qualcomm/Hexagon_SDK/3.4.3/tools/android-ndk-r14b/platforms/android-21/arch-arm64/usr/lib/libstdc++.a(new.o)
 .debug_info    0x000000000000adbf     0x2ec7 /home/flex/Qualcomm/Hexagon_SDK/3.4.3/tools/android-ndk-r14b/platforms/android-21/arch-arm64/usr/lib/libstdc++.a(libc_logging.o)

.debug_abbrev   0x0000000000000000     0x1f16
 *(.debug_abbrev)
 .debug_abbrev  0x0000000000000000      0x2e1 android_Debug_aarch64/mixer.o
 .debug_abbrev  0x00000000000002e1      0x34d android_Debug_aarch64/pcm.o
 .debug_abbrev  0x000000000000062e      0x1f2 android_Debug_aarch64/control_stub.o
 .debug_abbrev  0x0000000000000820      0x1fc android_Debug_aarch64/audioRecordUtil.o
 .debug_abbrev  0x0000000000000a1c      0x2ea android_Debug_aarch64/BinarySemaphoreClient.o
 .debug_abbrev  0x0000000000000d06      0x2d4 android_Debug_aarch64/BinarySemaphoreServer.o
 .debug_abbrev  0x0000000000000fda       0x8f android_Debug_aarch64/dspBufferUtil.o
 .debug_abbrev  0x0000000000001069      0x17f android_Debug_aarch64/fileSystemUtil.o
 .debug_abbrev  0x00000000000011e8      0x19b android_Debug_aarch64/sharedMemAudio.o
 .debug_abbrev  0x0000000000001383      0x152 android_Debug_aarch64/pcmUtil.o
 .debug_abbrev  0x00000000000014d5      0x2dc android_Debug_aarch64/main.o
 .debug_abbrev  0x00000000000017b1      0x17e /home/flex/Qualcomm/Hexagon_SDK/3.4.3/tools/android-ndk-r14b/platforms/android-21/arch-arm64/usr/lib/libstdc++.a(new.o)
 .debug_abbrev  0x000000000000192f      0x5e7 /home/flex/Qualcomm/Hexagon_SDK/3.4.3/tools/android-ndk-r14b/platforms/android-21/arch-arm64/usr/lib/libstdc++.a(libc_logging.o)

.debug_line     0x0000000000000000     0x3e92
 *(.debug_line .debug_line.* .debug_line_end)
 .debug_line    0x0000000000000000      0x4b5 android_Debug_aarch64/mixer.o
 .debug_line    0x00000000000004b5      0x87b android_Debug_aarch64/pcm.o
 .debug_line    0x0000000000000d30      0x2a8 android_Debug_aarch64/control_stub.o
 .debug_line    0x0000000000000fd8      0x3d7 android_Debug_aarch64/audioRecordUtil.o
 .debug_line    0x00000000000013af      0x673 android_Debug_aarch64/BinarySemaphoreClient.o
 .debug_line    0x0000000000001a22      0x637 android_Debug_aarch64/BinarySemaphoreServer.o
 .debug_line    0x0000000000002059      0x169 android_Debug_aarch64/dspBufferUtil.o
 .debug_line    0x00000000000021c2      0x307 android_Debug_aarch64/fileSystemUtil.o
 .debug_line    0x00000000000024c9      0x33b android_Debug_aarch64/sharedMemAudio.o
 .debug_line    0x0000000000002804      0x34c android_Debug_aarch64/pcmUtil.o
 .debug_line    0x0000000000002b50      0x5b5 android_Debug_aarch64/main.o
 .debug_line    0x0000000000003105      0x1d9 /home/flex/Qualcomm/Hexagon_SDK/3.4.3/tools/android-ndk-r14b/platforms/android-21/arch-arm64/usr/lib/libstdc++.a(new.o)
 .debug_line    0x00000000000032de      0xbb4 /home/flex/Qualcomm/Hexagon_SDK/3.4.3/tools/android-ndk-r14b/platforms/android-21/arch-arm64/usr/lib/libstdc++.a(libc_logging.o)

.debug_frame    0x0000000000000000      0xfe8
 *(.debug_frame)
 .debug_frame   0x0000000000000000      0x448 android_Debug_aarch64/mixer.o
 .debug_frame   0x0000000000000448      0x9c8 android_Debug_aarch64/pcm.o
 .debug_frame   0x0000000000000e10      0x1d8 android_Debug_aarch64/control_stub.o

.debug_str      0x0000000000000000     0x3514
 *(.debug_str)
 .debug_str     0x0000000000000000      0x61f android_Debug_aarch64/mixer.o
                                        0x71f (size before relaxing)
 .debug_str     0x000000000000061f      0xbc1 android_Debug_aarch64/pcm.o
                                        0xec4 (size before relaxing)
 .debug_str     0x00000000000011e0      0x508 android_Debug_aarch64/control_stub.o
                                        0x6be (size before relaxing)
 .debug_str     0x00000000000016e8      0x500 android_Debug_aarch64/audioRecordUtil.o
                                        0x6c9 (size before relaxing)
 .debug_str     0x0000000000001be8      0x996 android_Debug_aarch64/BinarySemaphoreClient.o
                                        0xe48 (size before relaxing)
 .debug_str     0x000000000000257e      0x160 android_Debug_aarch64/BinarySemaphoreServer.o
                                        0xdee (size before relaxing)
 .debug_str     0x00000000000026de      0x114 android_Debug_aarch64/dspBufferUtil.o
                                        0x28e (size before relaxing)
 .debug_str     0x00000000000027f2       0x5f android_Debug_aarch64/fileSystemUtil.o
                                        0x32b (size before relaxing)
 .debug_str     0x0000000000002851      0x114 android_Debug_aarch64/sharedMemAudio.o
                                        0x412 (size before relaxing)
 .debug_str     0x0000000000002965      0x175 android_Debug_aarch64/pcmUtil.o
                                        0x620 (size before relaxing)
 .debug_str     0x0000000000002ada       0x28 android_Debug_aarch64/main.o
                                        0xd3f (size before relaxing)
 .debug_str     0x0000000000002b02      0x2b7 /home/flex/Qualcomm/Hexagon_SDK/3.4.3/tools/android-ndk-r14b/platforms/android-21/arch-arm64/usr/lib/libstdc++.a(new.o)
                                        0x376 (size before relaxing)
 .debug_str     0x0000000000002db9      0x75b /home/flex/Qualcomm/Hexagon_SDK/3.4.3/tools/android-ndk-r14b/platforms/android-21/arch-arm64/usr/lib/libstdc++.a(libc_logging.o)
                                        0xc53 (size before relaxing)

.debug_loc      0x0000000000000000     0x5bee
 *(.debug_loc)
 .debug_loc     0x0000000000000000      0x25a /home/flex/Qualcomm/Hexagon_SDK/3.4.3/tools/android-ndk-r14b/platforms/android-21/arch-arm64/usr/lib/libstdc++.a(new.o)
 .debug_loc     0x000000000000025a     0x5994 /home/flex/Qualcomm/Hexagon_SDK/3.4.3/tools/android-ndk-r14b/platforms/android-21/arch-arm64/usr/lib/libstdc++.a(libc_logging.o)

.debug_macinfo
 *(.debug_macinfo)

.debug_weaknames
 *(.debug_weaknames)

.debug_funcnames
 *(.debug_funcnames)

.debug_typenames
 *(.debug_typenames)

.debug_varnames
 *(.debug_varnames)

.debug_pubtypes
 *(.debug_pubtypes)

.debug_ranges   0x0000000000000000     0x17a0
 *(.debug_ranges)
 .debug_ranges  0x0000000000000000       0xf0 /home/flex/Qualcomm/Hexagon_SDK/3.4.3/tools/android-ndk-r14b/platforms/android-21/arch-arm64/usr/lib/libstdc++.a(new.o)
 .debug_ranges  0x00000000000000f0     0x16b0 /home/flex/Qualcomm/Hexagon_SDK/3.4.3/tools/android-ndk-r14b/platforms/android-21/arch-arm64/usr/lib/libstdc++.a(libc_logging.o)

.debug_macro
 *(.debug_macro)

.ARM.attributes
 *(.ARM.attributes)
 *(.gnu.attributes)

.note.gnu.arm.ident
 *(.note.gnu.arm.ident)

/DISCARD/
 *(.note.GNU-stack)
 *(.gnu_debuglink)
 *(.gnu.lto_*)
 *(.mdebug.*)
OUTPUT(android_Debug_aarch64/control elf64-littleaarch64)
